original_status=1
stopping port-forward pid=91646
killed port-forward pid=91646
waited port-forward pid=91646
stopping port-forward pid=91664
killed port-forward pid=91664
waited port-forward pid=91664
delete echoresources namespace=echo-smoke-combined-live-combined-20260727235000
No resources found
delete runtime validating=echo-operator.echo-smoke-combined-live-combined-20260727235000.echo.example.com
validatingwebhookconfiguration.admissionregistration.k8s.io "echo-operator.echo-smoke-combined-live-combined-20260727235000.echo.example.com" deleted
delete runtime mutating=echo-operator.echo-smoke-combined-live-combined-20260727235000.echo.example.com
mutatingwebhookconfiguration.admissionregistration.k8s.io "echo-operator.echo-smoke-combined-live-combined-20260727235000.echo.example.com" deleted
uninstall release=echo-smoke-combined-live-combined-20260727235000 namespace=echo-smoke-combined-live-combined-20260727235000
Uninstalling Helm release echo-smoke-combined-live-combined-20260727235000 from namespace echo-smoke-combined-live-combined-20260727235000...
release "echo-smoke-combined-live-combined-20260727235000" uninstalled
Uninstall complete.
delete namespace=echo-smoke-combined-live-combined-20260727235000
namespace "echo-smoke-combined-live-combined-20260727235000" deleted
cleanup_status=0
