original_status=1
stopping port-forward pid=92025
killed port-forward pid=92025
waited port-forward pid=92025
stopping port-forward pid=92043
killed port-forward pid=92043
waited port-forward pid=92043
delete echoresources namespace=echo-smoke-combined-live-combined-20260727240000
No resources found
delete runtime validating=echo-operator.echo-smoke-combined-live-combined-20260727240000.echo.example.com
validatingwebhookconfiguration.admissionregistration.k8s.io "echo-operator.echo-smoke-combined-live-combined-20260727240000.echo.example.com" deleted
delete runtime mutating=echo-operator.echo-smoke-combined-live-combined-20260727240000.echo.example.com
mutatingwebhookconfiguration.admissionregistration.k8s.io "echo-operator.echo-smoke-combined-live-combined-20260727240000.echo.example.com" deleted
uninstall release=echo-smoke-combined-live-combined-20260727240000 namespace=echo-smoke-combined-live-combined-20260727240000
Uninstalling Helm release echo-smoke-combined-live-combined-20260727240000 from namespace echo-smoke-combined-live-combined-20260727240000...
release "echo-smoke-combined-live-combined-20260727240000" uninstalled
Uninstall complete.
delete namespace=echo-smoke-combined-live-combined-20260727240000
namespace "echo-smoke-combined-live-combined-20260727240000" deleted
cleanup_status=0
