=== final-task-1-mvn-install.log ===
Command: mvn -f /Volumes/work/Project/java-operator-framework/operator/framework/pom.xml clean install -DskipTests
Started: 2026-06-18T17:47:03+08:00
[INFO] Scanning for projects...
[INFO] 
[INFO] -----------< com.huawei.dcs.modelengine:operator-framework >------------
[INFO] Building operator-framework 0.1.0-SNAPSHOT
[INFO]   from pom.xml
[INFO] --------------------------------[ jar ]---------------------------------
[INFO] 
[INFO] --- clean:3.2.0:clean (default-clean) @ operator-framework ---
[INFO] Deleting /Volumes/work/Project/java-operator-framework/operator/framework/target
[INFO] 
[INFO] --- java-generator:7.7.0:generate (default) @ operator-framework ---
[INFO] 
[INFO] --- resources:3.3.1:resources (default-resources) @ operator-framework ---
[INFO] Copying 0 resource from src/main/resources to target/classes
[INFO] 
[INFO] --- compiler:3.13.0:compile (default-compile) @ operator-framework ---
[INFO] Recompiling the module because of changed source code.
[INFO] Compiling 14 source files with javac [debug parameters release 21] to target/classes
[INFO] 
[INFO] --- crd-generator:7.7.0:generate (default) @ operator-framework ---
[WARNING] No resources were registered with the 'customResources' method to be generated
[INFO] 
[INFO] --- resources:3.3.1:testResources (default-testResources) @ operator-framework ---
[INFO] skip non existing resourceDirectory /Volumes/work/Project/java-operator-framework/operator/framework/src/test/resources
[INFO] 
[INFO] --- compiler:3.13.0:testCompile (default-testCompile) @ operator-framework ---
[INFO] Recompiling the module because of changed dependency.
[INFO] Compiling 10 source files with javac [debug parameters release 21] to target/test-classes
[INFO] /Volumes/work/Project/java-operator-framework/operator/framework/src/test/java/com/huawei/dcs/modelengine/operator/framework/OperatorLauncherTest.java: /Volumes/work/Project/java-operator-framework/operator/framework/src/test/java/com/huawei/dcs/modelengine/operator/framework/OperatorLauncherTest.java使用或覆盖了已过时的 API。
[INFO] /Volumes/work/Project/java-operator-framework/operator/framework/src/test/java/com/huawei/dcs/modelengine/operator/framework/OperatorLauncherTest.java: 有关详细信息, 请使用 -Xlint:deprecation 重新编译。
[INFO] 
[INFO] --- surefire:3.2.5:test (default-test) @ operator-framework ---
[INFO] Tests are skipped.
[INFO] 
[INFO] --- jar:3.4.1:jar (default-jar) @ operator-framework ---
[INFO] Building jar: /Volumes/work/Project/java-operator-framework/operator/framework/target/operator-framework-0.1.0-SNAPSHOT.jar
[INFO] 
[INFO] --- source:3.3.1:jar-no-fork (attach-sources) @ operator-framework ---
[INFO] Building jar: /Volumes/work/Project/java-operator-framework/operator/framework/target/operator-framework-0.1.0-SNAPSHOT-sources.jar
[INFO] 
[INFO] --- install:3.1.2:install (default-install) @ operator-framework ---
[INFO] Installing /Volumes/work/Project/java-operator-framework/operator/framework/pom.xml to /Users/crazytomatooo/.m2/repository/com/huawei/dcs/modelengine/operator-framework/0.1.0-SNAPSHOT/operator-framework-0.1.0-SNAPSHOT.pom
[INFO] Installing /Volumes/work/Project/java-operator-framework/operator/framework/target/operator-framework-0.1.0-SNAPSHOT.jar to /Users/crazytomatooo/.m2/repository/com/huawei/dcs/modelengine/operator-framework/0.1.0-SNAPSHOT/operator-framework-0.1.0-SNAPSHOT.jar
[INFO] Installing /Volumes/work/Project/java-operator-framework/operator/framework/target/operator-framework-0.1.0-SNAPSHOT-sources.jar to /Users/crazytomatooo/.m2/repository/com/huawei/dcs/modelengine/operator-framework/0.1.0-SNAPSHOT/operator-framework-0.1.0-SNAPSHOT-sources.jar
[INFO] ------------------------------------------------------------------------
[INFO] BUILD SUCCESS
[INFO] ------------------------------------------------------------------------
[INFO] Total time:  2.366 s
[INFO] Finished at: 2026-06-18T17:47:06+08:00
[INFO] ------------------------------------------------------------------------
Finished: 2026-06-18T17:47:06+08:00
EXIT_CODE: 0
=== final-task-1-mvn-install.log ===
Command: mvn -f /Volumes/work/Project/java-operator-framework/operator/framework/pom.xml clean install -DskipTests
Started: 2026-06-20T12:56:30+08:00
[INFO] Scanning for projects...
[INFO] 
[INFO] -----------< com.huawei.dcs.modelengine:operator-framework >------------
[INFO] Building operator-framework 0.1.0-SNAPSHOT
[INFO]   from pom.xml
[INFO] --------------------------------[ jar ]---------------------------------
[INFO] 
[INFO] --- clean:3.2.0:clean (default-clean) @ operator-framework ---
[INFO] Deleting /Volumes/work/Project/java-operator-framework/operator/framework/target
[INFO] 
[INFO] --- java-generator:7.7.0:generate (default) @ operator-framework ---
[INFO] 
[INFO] --- resources:3.3.1:resources (default-resources) @ operator-framework ---
[INFO] Copying 0 resource from src/main/resources to target/classes
[INFO] 
[INFO] --- compiler:3.13.0:compile (default-compile) @ operator-framework ---
[INFO] Recompiling the module because of changed source code.
[INFO] Compiling 14 source files with javac [debug parameters release 21] to target/classes
[INFO] 
[INFO] --- crd-generator:7.7.0:generate (default) @ operator-framework ---
[WARNING] No resources were registered with the 'customResources' method to be generated
[INFO] 
[INFO] --- resources:3.3.1:testResources (default-testResources) @ operator-framework ---
[INFO] skip non existing resourceDirectory /Volumes/work/Project/java-operator-framework/operator/framework/src/test/resources
[INFO] 
[INFO] --- compiler:3.13.0:testCompile (default-testCompile) @ operator-framework ---
[INFO] Recompiling the module because of changed dependency.
[INFO] Compiling 10 source files with javac [debug parameters release 21] to target/test-classes
[INFO] /Volumes/work/Project/java-operator-framework/operator/framework/src/test/java/com/huawei/dcs/modelengine/operator/framework/OperatorLauncherTest.java: /Volumes/work/Project/java-operator-framework/operator/framework/src/test/java/com/huawei/dcs/modelengine/operator/framework/OperatorLauncherTest.java使用或覆盖了已过时的 API。
[INFO] /Volumes/work/Project/java-operator-framework/operator/framework/src/test/java/com/huawei/dcs/modelengine/operator/framework/OperatorLauncherTest.java: 有关详细信息, 请使用 -Xlint:deprecation 重新编译。
[INFO] 
[INFO] --- surefire:3.2.5:test (default-test) @ operator-framework ---
[INFO] Tests are skipped.
[INFO] 
[INFO] --- jar:3.4.1:jar (default-jar) @ operator-framework ---
[INFO] Building jar: /Volumes/work/Project/java-operator-framework/operator/framework/target/operator-framework-0.1.0-SNAPSHOT.jar
[INFO] 
[INFO] --- source:3.3.1:jar-no-fork (attach-sources) @ operator-framework ---
[INFO] Building jar: /Volumes/work/Project/java-operator-framework/operator/framework/target/operator-framework-0.1.0-SNAPSHOT-sources.jar
[INFO] 
[INFO] --- install:3.1.2:install (default-install) @ operator-framework ---
[INFO] Installing /Volumes/work/Project/java-operator-framework/operator/framework/pom.xml to /Users/crazytomatooo/.m2/repository/com/huawei/dcs/modelengine/operator-framework/0.1.0-SNAPSHOT/operator-framework-0.1.0-SNAPSHOT.pom
[INFO] Installing /Volumes/work/Project/java-operator-framework/operator/framework/target/operator-framework-0.1.0-SNAPSHOT.jar to /Users/crazytomatooo/.m2/repository/com/huawei/dcs/modelengine/operator-framework/0.1.0-SNAPSHOT/operator-framework-0.1.0-SNAPSHOT.jar
[INFO] Installing /Volumes/work/Project/java-operator-framework/operator/framework/target/operator-framework-0.1.0-SNAPSHOT-sources.jar to /Users/crazytomatooo/.m2/repository/com/huawei/dcs/modelengine/operator-framework/0.1.0-SNAPSHOT/operator-framework-0.1.0-SNAPSHOT-sources.jar
[INFO] ------------------------------------------------------------------------
[INFO] BUILD SUCCESS
[INFO] ------------------------------------------------------------------------
[INFO] Total time:  2.314 s
[INFO] Finished at: 2026-06-20T12:56:33+08:00
[INFO] ------------------------------------------------------------------------
Finished: 2026-06-20T12:56:33+08:00
EXIT_CODE: 0
=== final-task-1-mvn-install.log ===
Command: mvn -f /Volumes/work/Project/java-operator-framework/operator/framework/pom.xml clean install -DskipTests
Started: 2026-06-20T13:02:30+08:00
[INFO] Scanning for projects...
[INFO] 
[INFO] -----------< com.huawei.dcs.modelengine:operator-framework >------------
[INFO] Building operator-framework 0.1.0-SNAPSHOT
[INFO]   from pom.xml
[INFO] --------------------------------[ jar ]---------------------------------
[INFO] 
[INFO] --- clean:3.2.0:clean (default-clean) @ operator-framework ---
[INFO] Deleting /Volumes/work/Project/java-operator-framework/operator/framework/target
[INFO] 
[INFO] --- java-generator:7.7.0:generate (default) @ operator-framework ---
[INFO] 
[INFO] --- resources:3.3.1:resources (default-resources) @ operator-framework ---
[INFO] Copying 0 resource from src/main/resources to target/classes
[INFO] 
[INFO] --- compiler:3.13.0:compile (default-compile) @ operator-framework ---
[INFO] Recompiling the module because of changed source code.
[INFO] Compiling 14 source files with javac [debug parameters release 21] to target/classes
[INFO] 
[INFO] --- crd-generator:7.7.0:generate (default) @ operator-framework ---
[WARNING] No resources were registered with the 'customResources' method to be generated
[INFO] 
[INFO] --- resources:3.3.1:testResources (default-testResources) @ operator-framework ---
[INFO] skip non existing resourceDirectory /Volumes/work/Project/java-operator-framework/operator/framework/src/test/resources
[INFO] 
[INFO] --- compiler:3.13.0:testCompile (default-testCompile) @ operator-framework ---
[INFO] Recompiling the module because of changed dependency.
[INFO] Compiling 10 source files with javac [debug parameters release 21] to target/test-classes
[INFO] /Volumes/work/Project/java-operator-framework/operator/framework/src/test/java/com/huawei/dcs/modelengine/operator/framework/OperatorLauncherTest.java: /Volumes/work/Project/java-operator-framework/operator/framework/src/test/java/com/huawei/dcs/modelengine/operator/framework/OperatorLauncherTest.java使用或覆盖了已过时的 API。
[INFO] /Volumes/work/Project/java-operator-framework/operator/framework/src/test/java/com/huawei/dcs/modelengine/operator/framework/OperatorLauncherTest.java: 有关详细信息, 请使用 -Xlint:deprecation 重新编译。
[INFO] 
[INFO] --- surefire:3.2.5:test (default-test) @ operator-framework ---
[INFO] Tests are skipped.
[INFO] 
[INFO] --- jar:3.4.1:jar (default-jar) @ operator-framework ---
[INFO] Building jar: /Volumes/work/Project/java-operator-framework/operator/framework/target/operator-framework-0.1.0-SNAPSHOT.jar
[INFO] 
[INFO] --- source:3.3.1:jar-no-fork (attach-sources) @ operator-framework ---
[INFO] Building jar: /Volumes/work/Project/java-operator-framework/operator/framework/target/operator-framework-0.1.0-SNAPSHOT-sources.jar
[INFO] 
[INFO] --- install:3.1.2:install (default-install) @ operator-framework ---
[INFO] Installing /Volumes/work/Project/java-operator-framework/operator/framework/pom.xml to /Users/crazytomatooo/.m2/repository/com/huawei/dcs/modelengine/operator-framework/0.1.0-SNAPSHOT/operator-framework-0.1.0-SNAPSHOT.pom
[INFO] Installing /Volumes/work/Project/java-operator-framework/operator/framework/target/operator-framework-0.1.0-SNAPSHOT.jar to /Users/crazytomatooo/.m2/repository/com/huawei/dcs/modelengine/operator-framework/0.1.0-SNAPSHOT/operator-framework-0.1.0-SNAPSHOT.jar
[INFO] Installing /Volumes/work/Project/java-operator-framework/operator/framework/target/operator-framework-0.1.0-SNAPSHOT-sources.jar to /Users/crazytomatooo/.m2/repository/com/huawei/dcs/modelengine/operator-framework/0.1.0-SNAPSHOT/operator-framework-0.1.0-SNAPSHOT-sources.jar
[INFO] ------------------------------------------------------------------------
[INFO] BUILD SUCCESS
[INFO] ------------------------------------------------------------------------
[INFO] Total time:  2.404 s
[INFO] Finished at: 2026-06-20T13:02:33+08:00
[INFO] ------------------------------------------------------------------------
Finished: 2026-06-20T13:02:33+08:00
EXIT_CODE: 0
