=== final-task-11-java-generated.log ===
Command: bash -c cd '/Volumes/work/Project/java-operator-framework' && ls -R example/echo-operator/target/generated-sources/java/
Started: 2026-06-18T17:47:28+08:00
com

example/echo-operator/target/generated-sources/java//com:
example

example/echo-operator/target/generated-sources/java//com/example:
v1alpha1

example/echo-operator/target/generated-sources/java//com/example/v1alpha1:
EchoResource.java
EchoResourceSpec.java
EchoResourceStatus.java
Finished: 2026-06-18T17:47:28+08:00
EXIT_CODE: 0
=== final-task-11-java-generated.log ===
Command: bash -c cd '/Volumes/work/Project/java-operator-framework' && ls -R example/echo-operator/target/generated-sources/java/
Started: 2026-06-20T12:56:54+08:00
com

example/echo-operator/target/generated-sources/java//com:
example

example/echo-operator/target/generated-sources/java//com/example:
v1alpha1

example/echo-operator/target/generated-sources/java//com/example/v1alpha1:
EchoResource.java
EchoResourceSpec.java
EchoResourceStatus.java
Finished: 2026-06-20T12:56:54+08:00
EXIT_CODE: 0
=== final-task-11-java-generated.log ===
Command: bash -c cd '/Volumes/work/Project/java-operator-framework' && ls -R example/echo-operator/target/generated-sources/java/
Started: 2026-06-20T13:02:55+08:00
com

example/echo-operator/target/generated-sources/java//com:
example

example/echo-operator/target/generated-sources/java//com/example:
v1alpha1

example/echo-operator/target/generated-sources/java//com/example/v1alpha1:
EchoResource.java
EchoResourceSpec.java
EchoResourceStatus.java
Finished: 2026-06-20T13:02:55+08:00
EXIT_CODE: 0
