[2026-07-28T12:09:38+08:00] === Phase 1: values.yaml contract ===
VALUES_PASS: values.yaml contract passed
[2026-07-28T12:09:38+08:00] PASS: values.yaml contract
[2026-07-28T12:09:38+08:00] 
[2026-07-28T12:09:38+08:00] === Phase 2: EchoOperatorMain.java constants ===
JAVA_PASS: EchoOperatorMain constants contract passed
[2026-07-28T12:09:38+08:00] PASS: EchoOperatorMain constants
[2026-07-28T12:09:38+08:00] 
[2026-07-28T12:09:38+08:00] === Phase 3: English README required content ===
EN_PASS: English README required content passed
[2026-07-28T12:09:38+08:00] PASS: English README content
[2026-07-28T12:09:38+08:00] 
[2026-07-28T12:09:38+08:00] === Phase 4: Chinese README required content ===
ZH_PASS: Chinese README required content passed
[2026-07-28T12:09:38+08:00] PASS: Chinese README content
[2026-07-28T12:09:38+08:00] 
[2026-07-28T12:09:38+08:00] === Phase 5: EN/ZH default consistency ===
CONSISTENCY_PASS: EN/ZH default consistency passed
[2026-07-28T12:09:38+08:00] PASS: EN/ZH consistency
[2026-07-28T12:09:38+08:00] 
[2026-07-28T12:09:38+08:00] === Phase 6: Forbidden feature tokens ===
FORBIDDEN_PASS: no forbidden feature tokens found
[2026-07-28T12:09:38+08:00] PASS: forbidden feature tokens
[2026-07-28T12:09:38+08:00] 
[2026-07-28T12:09:38+08:00] === Phase 7: Helm lint ===
==> Linting /Volumes/work/Project/java-operator-framework/example/echo-operator/helm/echo-operator
[INFO] Chart.yaml: icon is recommended

1 chart(s) linted, 0 chart(s) failed
[2026-07-28T12:09:39+08:00] PASS: helm lint
[2026-07-28T12:09:39+08:00] 
[2026-07-28T12:09:39+08:00] === Phase 8: Verification commands documented ===
VERIFY_PASS: verification commands documented
[2026-07-28T12:09:39+08:00] PASS: verification commands documented
[2026-07-28T12:09:39+08:00] 
[2026-07-28T12:09:39+08:00] === Phase 9: Exclusions documented ===
EXCLUSION_PASS: exclusions documented
[2026-07-28T12:09:39+08:00] PASS: exclusions documented
[2026-07-28T12:09:39+08:00] 
[2026-07-28T12:09:39+08:00] =========================================
[2026-07-28T12:09:39+08:00] docs-contract-test summary: 9 passed, 0 failed
[2026-07-28T12:09:39+08:00] =========================================
[2026-07-28T12:09:39+08:00] docs-contract-test PASSED
