TASK_1_DECLARED_ARTIFACTS=PASS
TASK_2_DECLARED_ARTIFACTS=PASS
TASK_3_DECLARED_ARTIFACTS=PASS
TASK_4_DECLARED_ARTIFACTS=FAIL MISSING task-4/combined.yaml
TASK_5_DECLARED_ARTIFACTS=PASS
TASK_6_DECLARED_ARTIFACTS=PASS
TASK_7_DECLARED_ARTIFACTS=PASS
TASK_8_DECLARED_ARTIFACTS=PASS
TASK_9_DECLARED_ARTIFACTS=PASS
TASK_1_HAPPY_FAILURE_EVIDENCE=PASS
TASK_2_HAPPY_FAILURE_EVIDENCE=PASS
TASK_3_HAPPY_FAILURE_EVIDENCE=PASS
TASK_4_HAPPY_FAILURE_EVIDENCE=PASS
TASK_5_HAPPY_FAILURE_EVIDENCE=PASS
TASK_6_HAPPY_FAILURE_EVIDENCE=PASS
TASK_7_HAPPY_FAILURE_EVIDENCE=PASS
TASK_8_HAPPY_FAILURE_EVIDENCE=PASS
TASK_9_HAPPY_FAILURE_EVIDENCE=FAIL no separately retained failure-case artifact
FORBIDDEN_CONTENT=FAIL file_count=25 occurrence_count=63
FORBIDDEN_CONTENT_FILE=f2/review.md
FORBIDDEN_CONTENT_FILE=combined/live-combined-20260727201400/commands.log
FORBIDDEN_CONTENT_FILE=combined/live-combined-20260727225000/commands.log
FORBIDDEN_CONTENT_FILE=combined/live-combined-20260727230000/commands.log
FORBIDDEN_CONTENT_FILE=combined/live-combined-20260727231000/commands.log
FORBIDDEN_CONTENT_FILE=combined/live-combined-20260727232000/commands.log
FORBIDDEN_CONTENT_FILE=combined/live-combined-20260727233000/commands.log
FORBIDDEN_CONTENT_FILE=combined/live-combined-20260727234000/commands.log
FORBIDDEN_CONTENT_FILE=combined/live-combined-20260727235000/commands.log
FORBIDDEN_CONTENT_FILE=combined/live-combined-20260727240000/commands.log
FORBIDDEN_CONTENT_FILE=combined/live-combined-20260727241000/commands.log
FORBIDDEN_CONTENT_FILE=combined/live-combined-20260727242000/commands.log
FORBIDDEN_CONTENT_FILE=combined/live-combined-20260727243000/commands.log
FORBIDDEN_CONTENT_FILE=combined/live-combined-20260727245000/commands.log
FORBIDDEN_CONTENT_FILE=combined/live-combined-20260727250000/commands.log
FORBIDDEN_CONTENT_FILE=combined/live-combined-20260727251000/commands.log
FORBIDDEN_CONTENT_FILE=combined/live-combined-20260727252000/commands.log
FORBIDDEN_CONTENT_FILE=combined/live-combined-20260727260000/commands.log
FORBIDDEN_CONTENT_FILE=combined/live-combined-20260727270000/commands.log
FORBIDDEN_CONTENT_FILE=combined/live-combined-20260727280000/commands.log
FORBIDDEN_CONTENT_FILE=combined/live-combined-20260727290000/commands.log
FORBIDDEN_CONTENT_FILE=split/live-split-20260728001000/commands.log
FORBIDDEN_CONTENT_FILE=split/live-split-20260728002000/commands.log
FORBIDDEN_CONTENT_FILE=split/live-split-20260728003000/commands.log
FORBIDDEN_CONTENT_FILE=split/live-split-20260728004000/commands.log
COMBINED_SMOKE=PASS marker_count=10
SPLIT_SMOKE=PASS marker_count=10
TASK_9_DOCS_SEMANTIC_SUMMARY=PASS
TASK_9_DOCS_LITERAL_9_OF_9=FAIL
RBAC_CONTRACT_MARKERS=PASS marker_count=6
DEFAULT_COMBINED_RENDER=PASS
COMBINED_CONTROLLER_ONLY_RENDER=PASS
SPLIT_OPT_IN_RENDER=PASS
SPLIT_HELM_OWNERSHIP_RENDER=PASS
RENDER_TRUTH_TABLES=FAIL mismatch_count=1
EVIDENCE_LEDGER=FAIL error_count=5
ERROR=Task 4: MISSING task-4/combined.yaml
ERROR=Task 9: no separately retained failure-case evidence artifact
ERROR=forbidden evidence content in 25 files (63 occurrences)
ERROR=Task 9: required literal 9/9 passed acceptance marker missing
ERROR=split controller emitted webhook-owned env
