original_status=1
stopping port-forward pid=97591
killed port-forward pid=97591
waited port-forward pid=97591
stopping port-forward pid=97609
killed port-forward pid=97609
waited port-forward pid=97609
stopping port-forward pid=97979
kill-not-needed port-forward pid=97979
waited port-forward pid=97979
delete echoresources namespace=echo-smoke-combined-live-combined-20260727252000
No resources found
delete runtime validating=echo-operator.echo-smoke-combined-live-combined-20260727252000.echo.example.com
delete runtime mutating=echo-operator.echo-smoke-combined-live-combined-20260727252000.echo.example.com
uninstall release=echo-smoke-combined-live-combined-20260727252000 namespace=echo-smoke-combined-live-combined-20260727252000
Uninstalling Helm release echo-smoke-combined-live-combined-20260727252000 from namespace echo-smoke-combined-live-combined-20260727252000...
release "echo-smoke-combined-live-combined-20260727252000" uninstalled
Uninstall complete.
delete namespace=echo-smoke-combined-live-combined-20260727252000
namespace "echo-smoke-combined-live-combined-20260727252000" deleted
cleanup_status=0
