original_status=1
stopping port-forward pid=99379
killed port-forward pid=99379
waited port-forward pid=99379
stopping port-forward pid=99398
killed port-forward pid=99398
waited port-forward pid=99398
delete echoresources namespace=echo-smoke-combined-live-combined-20260727260000
No resources found
delete runtime validating=echo-operator.echo-smoke-combined-live-combined-20260727260000.echo.example.com
validatingwebhookconfiguration.admissionregistration.k8s.io "echo-operator.echo-smoke-combined-live-combined-20260727260000.echo.example.com" deleted
delete runtime mutating=echo-operator.echo-smoke-combined-live-combined-20260727260000.echo.example.com
mutatingwebhookconfiguration.admissionregistration.k8s.io "echo-operator.echo-smoke-combined-live-combined-20260727260000.echo.example.com" deleted
uninstall release=echo-smoke-combined-live-combined-20260727260000 namespace=echo-smoke-combined-live-combined-20260727260000
Uninstalling Helm release echo-smoke-combined-live-combined-20260727260000 from namespace echo-smoke-combined-live-combined-20260727260000...
release "echo-smoke-combined-live-combined-20260727260000" uninstalled
Uninstall complete.
delete namespace=echo-smoke-combined-live-combined-20260727260000
namespace "echo-smoke-combined-live-combined-20260727260000" deleted
cleanup_status=0
