original_status=1
stopping port-forward pid=3971
killed port-forward pid=3971
waited port-forward pid=3971
stopping port-forward pid=3981
killed port-forward pid=3981
waited port-forward pid=3981
stopping port-forward pid=3999
killed port-forward pid=3999
waited port-forward pid=3999
delete echoresources namespace=echo-smoke-split-live-split-20260728002000
No resources found
release Helm validating=echo-smoke-split-live-split-20260728002000-echo-operator-validating
Error from server (NotFound): validatingwebhookconfigurations.admissionregistration.k8s.io "echo-smoke-split-live-split-20260728002000-echo-operator-validating" not found
release Helm mutating=echo-smoke-split-live-split-20260728002000-echo-operator-mutating
Error from server (NotFound): mutatingwebhookconfigurations.admissionregistration.k8s.io "echo-smoke-split-live-split-20260728002000-echo-operator-mutating" not found
delete runtime validating=echo-operator.echo-smoke-split-live-split-20260728002000.echo.example.com
validatingwebhookconfiguration.admissionregistration.k8s.io "echo-operator.echo-smoke-split-live-split-20260728002000.echo.example.com" deleted
delete runtime mutating=echo-operator.echo-smoke-split-live-split-20260728002000.echo.example.com
mutatingwebhookconfiguration.admissionregistration.k8s.io "echo-operator.echo-smoke-split-live-split-20260728002000.echo.example.com" deleted
uninstall release=echo-smoke-split-live-split-20260728002000 namespace=echo-smoke-split-live-split-20260728002000
Uninstalling Helm release echo-smoke-split-live-split-20260728002000 from namespace echo-smoke-split-live-split-20260728002000...
release "echo-smoke-split-live-split-20260728002000" uninstalled
Uninstall complete.
delete namespace=echo-smoke-split-live-split-20260728002000
namespace "echo-smoke-split-live-split-20260728002000" deleted
cleanup_status=0
