original_status=0
stopping port-forward pid=5718
killed port-forward pid=5718
waited port-forward pid=5718
stopping port-forward pid=5727
killed port-forward pid=5727
waited port-forward pid=5727
stopping port-forward pid=5745
killed port-forward pid=5745
waited port-forward pid=5745
stopping port-forward pid=6088
killed port-forward pid=6088
waited port-forward pid=6088
delete echoresources namespace=echo-smoke-split-live-split-20260728004000
No resources found
release Helm validating=echo-smoke-split-live-split-20260728004000-echo-operator-validating
validatingwebhookconfiguration.admissionregistration.k8s.io/echo-smoke-split-live-split-20260728004000-echo-operator-validating patched (no change)
validatingwebhookconfiguration.admissionregistration.k8s.io "echo-smoke-split-live-split-20260728004000-echo-operator-validating" deleted
release Helm mutating=echo-smoke-split-live-split-20260728004000-echo-operator-mutating
mutatingwebhookconfiguration.admissionregistration.k8s.io/echo-smoke-split-live-split-20260728004000-echo-operator-mutating patched (no change)
mutatingwebhookconfiguration.admissionregistration.k8s.io "echo-smoke-split-live-split-20260728004000-echo-operator-mutating" deleted
delete runtime validating=echo-operator.echo-smoke-split-live-split-20260728004000.echo.example.com
delete runtime mutating=echo-operator.echo-smoke-split-live-split-20260728004000.echo.example.com
uninstall release=echo-smoke-split-live-split-20260728004000 namespace=echo-smoke-split-live-split-20260728004000
Uninstalling Helm release echo-smoke-split-live-split-20260728004000 from namespace echo-smoke-split-live-split-20260728004000...
release "echo-smoke-split-live-split-20260728004000" uninstalled
Uninstall complete.
delete namespace=echo-smoke-split-live-split-20260728004000
namespace "echo-smoke-split-live-split-20260728004000" deleted
cleanup_status=0
