[INFO] Scanning for projects...
[INFO] 
[INFO] -----------< com.huawei.dcs.modelengine:operator-framework >------------
[INFO] Building operator-framework 0.1.0-SNAPSHOT
[INFO]   from pom.xml
[INFO] --------------------------------[ jar ]---------------------------------
[INFO] 
[INFO] --- clean:3.2.0:clean (default-clean) @ operator-framework ---
[INFO] Deleting /Volumes/work/Project/java-operator-framework/operator/framework/target
[INFO] 
[INFO] --- java-generator:7.3.0:generate (default) @ operator-framework ---
[INFO] 
[INFO] --- resources:3.3.1:resources (default-resources) @ operator-framework ---
[INFO] Copying 0 resource from src/main/resources to target/classes
[INFO] 
[INFO] --- compiler:3.13.0:compile (default-compile) @ operator-framework ---
[INFO] Recompiling the module because of changed source code.
[INFO] Compiling 46 source files with javac [debug parameters release 21] to target/classes
[INFO] /Volumes/work/Project/java-operator-framework/operator/framework/src/main/java/com/huawei/dcs/modelengine/operator/framework/webhook/registration/WebhookSelfRegistration.java: /Volumes/work/Project/java-operator-framework/operator/framework/src/main/java/com/huawei/dcs/modelengine/operator/framework/webhook/registration/WebhookSelfRegistration.java使用或覆盖了已过时的 API。
[INFO] /Volumes/work/Project/java-operator-framework/operator/framework/src/main/java/com/huawei/dcs/modelengine/operator/framework/webhook/registration/WebhookSelfRegistration.java: 有关详细信息, 请使用 -Xlint:deprecation 重新编译。
[INFO] 
[INFO] --- crd-generator:7.3.0:generate (default) @ operator-framework ---
[WARNING] No resources were registered with the 'customResources' method to be generated
[INFO] 
[INFO] --- resources:3.3.1:testResources (default-testResources) @ operator-framework ---
[INFO] skip non existing resourceDirectory /Volumes/work/Project/java-operator-framework/operator/framework/src/test/resources
[INFO] 
[INFO] --- compiler:3.13.0:testCompile (default-testCompile) @ operator-framework ---
[INFO] Recompiling the module because of changed dependency.
[INFO] Compiling 33 source files with javac [debug parameters release 21] to target/test-classes
[INFO] /Volumes/work/Project/java-operator-framework/operator/framework/src/test/java/com/huawei/dcs/modelengine/operator/framework/OperatorBackwardCompatibilityTest.java: 某些输入文件使用或覆盖了已过时的 API。
[INFO] /Volumes/work/Project/java-operator-framework/operator/framework/src/test/java/com/huawei/dcs/modelengine/operator/framework/OperatorBackwardCompatibilityTest.java: 有关详细信息, 请使用 -Xlint:deprecation 重新编译。
[INFO] 
[INFO] --- surefire:3.2.5:test (default-test) @ operator-framework ---
[INFO] Tests are skipped.
[INFO] 
[INFO] --- jar:3.4.1:jar (default-jar) @ operator-framework ---
[INFO] Building jar: /Volumes/work/Project/java-operator-framework/operator/framework/target/operator-framework-0.1.0-SNAPSHOT.jar
[INFO] 
[INFO] --- source:3.3.1:jar-no-fork (attach-sources) @ operator-framework ---
[INFO] Building jar: /Volumes/work/Project/java-operator-framework/operator/framework/target/operator-framework-0.1.0-SNAPSHOT-sources.jar
[INFO] 
[INFO] --- install:3.1.2:install (default-install) @ operator-framework ---
[INFO] Installing /Volumes/work/Project/java-operator-framework/operator/framework/pom.xml to /Users/crazytomatooo/.m2/repository/com/huawei/dcs/modelengine/operator-framework/0.1.0-SNAPSHOT/operator-framework-0.1.0-SNAPSHOT.pom
[INFO] Installing /Volumes/work/Project/java-operator-framework/operator/framework/target/operator-framework-0.1.0-SNAPSHOT.jar to /Users/crazytomatooo/.m2/repository/com/huawei/dcs/modelengine/operator-framework/0.1.0-SNAPSHOT/operator-framework-0.1.0-SNAPSHOT.jar
[INFO] Installing /Volumes/work/Project/java-operator-framework/operator/framework/target/operator-framework-0.1.0-SNAPSHOT-sources.jar to /Users/crazytomatooo/.m2/repository/com/huawei/dcs/modelengine/operator-framework/0.1.0-SNAPSHOT/operator-framework-0.1.0-SNAPSHOT-sources.jar
[INFO] ------------------------------------------------------------------------
[INFO] BUILD SUCCESS
[INFO] ------------------------------------------------------------------------
[INFO] Total time:  3.330 s
[INFO] Finished at: 2026-07-28T00:02:36+08:00
[INFO] ------------------------------------------------------------------------
[INFO] Scanning for projects...
[INFO] 
[INFO] ---------------------< com.example:echo-operator >----------------------
[INFO] Building echo-operator 0.1.0-SNAPSHOT
[INFO]   from pom.xml
[INFO] --------------------------------[ jar ]---------------------------------
[INFO] 
[INFO] --- clean:3.2.0:clean (default-clean) @ echo-operator ---
[INFO] Deleting /Volumes/work/Project/java-operator-framework/example/echo-operator/target
[INFO] 
[INFO] --- java-generator:7.3.0:generate (default) @ echo-operator ---
[INFO] 
[INFO] --- resources:3.3.1:resources (default-resources) @ echo-operator ---
[INFO] Copying 2 resources from src/main/resources to target/classes
[INFO] 
[INFO] --- compiler:3.13.0:compile (default-compile) @ echo-operator ---
[INFO] Recompiling the module because of changed source code.
[INFO] Compiling 17 source files with javac [debug parameters release 21] to target/classes
[INFO] /Volumes/work/Project/java-operator-framework/example/echo-operator/src/main/java/com/example/echooperator/controller/EchoReconciler.java: /Volumes/work/Project/java-operator-framework/example/echo-operator/src/main/java/com/example/echooperator/controller/EchoReconciler.java使用或覆盖了已过时的 API。
[INFO] /Volumes/work/Project/java-operator-framework/example/echo-operator/src/main/java/com/example/echooperator/controller/EchoReconciler.java: 有关详细信息, 请使用 -Xlint:deprecation 重新编译。
[INFO] 
[INFO] --- crd-generator:7.3.0:generate (default) @ echo-operator ---
[INFO] Generating 'echoresources.example.com' version 'v1alpha2' with com.example.echooperator.api.v1alpha2.EchoResource (spec: com.example.echooperator.api.v1alpha2.EchoSpec / status com.example.echooperator.api.v1alpha2.EchoStatus)...
[INFO] Generating 'echoresources.example.com' version 'v1alpha1' with com.example.v1alpha1.EchoResource (spec: com.example.v1alpha1.EchoResourceSpec / status com.example.v1alpha1.EchoResourceStatus)...
[INFO] Generated CRD echoresources.example.com:
[INFO]  v1 -> /Volumes/work/Project/java-operator-framework/example/echo-operator/target/classes/META-INF/fabric8/echoresources.example.com-v1.yml
[INFO] 
[INFO] --- resources:3.3.1:testResources (default-testResources) @ echo-operator ---
[INFO] Copying 1 resource from src/test/resources to target/test-classes
[INFO] 
[INFO] --- compiler:3.13.0:testCompile (default-testCompile) @ echo-operator ---
[INFO] Recompiling the module because of changed dependency.
[INFO] Compiling 11 source files with javac [debug parameters release 21] to target/test-classes
[WARNING] /Volumes/work/Project/java-operator-framework/example/echo-operator/src/test/java/com/example/echooperator/EchoOperatorMainWiringTest.java:[123,99] 最后一个参数使用了不准确的变量类型的 varargs 方法的非 varargs 调用; 
  对于 varargs 调用, 应使用 io.fabric8.kubernetes.api.model.admissionregistration.v1.ValidatingWebhookConfiguration
  对于非 varargs 调用, 应使用 io.fabric8.kubernetes.api.model.admissionregistration.v1.ValidatingWebhookConfiguration[], 这样也可以抑制此警告
[WARNING] /Volumes/work/Project/java-operator-framework/example/echo-operator/src/test/java/com/example/echooperator/EchoOperatorMainWiringTest.java:[327,99] 最后一个参数使用了不准确的变量类型的 varargs 方法的非 varargs 调用; 
  对于 varargs 调用, 应使用 io.fabric8.kubernetes.api.model.admissionregistration.v1.ValidatingWebhookConfiguration
  对于非 varargs 调用, 应使用 io.fabric8.kubernetes.api.model.admissionregistration.v1.ValidatingWebhookConfiguration[], 这样也可以抑制此警告
[WARNING] /Volumes/work/Project/java-operator-framework/example/echo-operator/src/test/java/com/example/echooperator/EchoOperatorMainWiringTest.java:[329,95] 最后一个参数使用了不准确的变量类型的 varargs 方法的非 varargs 调用; 
  对于 varargs 调用, 应使用 io.fabric8.kubernetes.api.model.admissionregistration.v1.MutatingWebhookConfiguration
  对于非 varargs 调用, 应使用 io.fabric8.kubernetes.api.model.admissionregistration.v1.MutatingWebhookConfiguration[], 这样也可以抑制此警告
[INFO] /Volumes/work/Project/java-operator-framework/example/echo-operator/src/test/java/com/example/echooperator/EchoOperatorMainWiringTest.java: 某些输入文件使用或覆盖了已过时的 API。
[INFO] /Volumes/work/Project/java-operator-framework/example/echo-operator/src/test/java/com/example/echooperator/EchoOperatorMainWiringTest.java: 有关详细信息, 请使用 -Xlint:deprecation 重新编译。
[INFO] 
[INFO] --- surefire:3.2.5:test (default-test) @ echo-operator ---
[INFO] Tests are skipped.
[INFO] 
[INFO] --- jar:3.4.1:jar (default-jar) @ echo-operator ---
[INFO] Building jar: /Volumes/work/Project/java-operator-framework/example/echo-operator/target/echo-operator-0.1.0-SNAPSHOT.jar
[INFO] 
[INFO] --- shade:3.6.0:shade (default) @ echo-operator ---
[INFO] Including com.huawei.dcs.modelengine:operator-framework:jar:0.1.0-SNAPSHOT in the shaded jar.
[INFO] Including io.micrometer:micrometer-registry-prometheus:jar:1.16.1 in the shaded jar.
[INFO] Including org.jspecify:jspecify:jar:1.0.0 in the shaded jar.
[INFO] Including io.micrometer:micrometer-core:jar:1.16.1 in the shaded jar.
[INFO] Including io.micrometer:micrometer-commons:jar:1.16.1 in the shaded jar.
[INFO] Including io.micrometer:micrometer-observation:jar:1.16.1 in the shaded jar.
[INFO] Including org.hdrhistogram:HdrHistogram:jar:2.2.2 in the shaded jar.
[INFO] Including org.latencyutils:LatencyUtils:jar:2.0.3 in the shaded jar.
[INFO] Including io.prometheus:prometheus-metrics-core:jar:1.4.3 in the shaded jar.
[INFO] Including io.prometheus:prometheus-metrics-model:jar:1.4.3 in the shaded jar.
[INFO] Including io.prometheus:prometheus-metrics-config:jar:1.4.3 in the shaded jar.
[INFO] Including io.prometheus:prometheus-metrics-tracer-common:jar:1.4.3 in the shaded jar.
[INFO] Including io.prometheus:prometheus-metrics-exposition-formats:jar:1.4.3 in the shaded jar.
[INFO] Including io.prometheus:prometheus-metrics-exposition-textformats:jar:1.4.3 in the shaded jar.
[INFO] Including org.bouncycastle:bcprov-jdk18on:jar:1.84 in the shaded jar.
[INFO] Including org.bouncycastle:bcpkix-jdk18on:jar:1.84 in the shaded jar.
[INFO] Including org.bouncycastle:bcutil-jdk18on:jar:1.84 in the shaded jar.
[INFO] Including io.fabric8:kubernetes-client:jar:7.3.0 in the shaded jar.
[INFO] Including io.fabric8:kubernetes-client-api:jar:7.3.0 in the shaded jar.
[INFO] Including io.fabric8:kubernetes-model-core:jar:7.3.0 in the shaded jar.
[INFO] Including io.fabric8:kubernetes-model-common:jar:7.3.0 in the shaded jar.
[INFO] Including com.fasterxml.jackson.core:jackson-annotations:jar:2.19.0 in the shaded jar.
[INFO] Including io.fabric8:kubernetes-model-gatewayapi:jar:7.3.0 in the shaded jar.
[INFO] Including io.fabric8:kubernetes-model-resource:jar:7.3.0 in the shaded jar.
[INFO] Including io.fabric8:kubernetes-model-rbac:jar:7.3.0 in the shaded jar.
[INFO] Including io.fabric8:kubernetes-model-admissionregistration:jar:7.3.0 in the shaded jar.
[INFO] Including io.fabric8:kubernetes-model-apps:jar:7.3.0 in the shaded jar.
[INFO] Including io.fabric8:kubernetes-model-autoscaling:jar:7.3.0 in the shaded jar.
[INFO] Including io.fabric8:kubernetes-model-apiextensions:jar:7.3.0 in the shaded jar.
[INFO] Including io.fabric8:kubernetes-model-batch:jar:7.3.0 in the shaded jar.
[INFO] Including io.fabric8:kubernetes-model-certificates:jar:7.3.0 in the shaded jar.
[INFO] Including io.fabric8:kubernetes-model-coordination:jar:7.3.0 in the shaded jar.
[INFO] Including io.fabric8:kubernetes-model-discovery:jar:7.3.0 in the shaded jar.
[INFO] Including io.fabric8:kubernetes-model-events:jar:7.3.0 in the shaded jar.
[INFO] Including io.fabric8:kubernetes-model-extensions:jar:7.3.0 in the shaded jar.
[INFO] Including io.fabric8:kubernetes-model-flowcontrol:jar:7.3.0 in the shaded jar.
[INFO] Including io.fabric8:kubernetes-model-networking:jar:7.3.0 in the shaded jar.
[INFO] Including io.fabric8:kubernetes-model-metrics:jar:7.3.0 in the shaded jar.
[INFO] Including io.fabric8:kubernetes-model-policy:jar:7.3.0 in the shaded jar.
[INFO] Including io.fabric8:kubernetes-model-scheduling:jar:7.3.0 in the shaded jar.
[INFO] Including io.fabric8:kubernetes-model-storageclass:jar:7.3.0 in the shaded jar.
[INFO] Including io.fabric8:kubernetes-model-node:jar:7.3.0 in the shaded jar.
[INFO] Including org.slf4j:slf4j-api:jar:2.0.17 in the shaded jar.
[INFO] Including org.snakeyaml:snakeyaml-engine:jar:2.9 in the shaded jar.
[INFO] Including com.fasterxml.jackson.dataformat:jackson-dataformat-yaml:jar:2.19.0 in the shaded jar.
[INFO] Including org.yaml:snakeyaml:jar:2.4 in the shaded jar.
[INFO] Including com.fasterxml.jackson.datatype:jackson-datatype-jsr310:jar:2.19.0 in the shaded jar.
[INFO] Including com.fasterxml.jackson.core:jackson-databind:jar:2.19.0 in the shaded jar.
[INFO] Including com.fasterxml.jackson.core:jackson-core:jar:2.19.0 in the shaded jar.
[INFO] Including io.fabric8:kubernetes-httpclient-vertx:jar:7.3.0 in the shaded jar.
[INFO] Including io.vertx:vertx-core:jar:4.5.14 in the shaded jar.
[INFO] Including io.netty:netty-common:jar:4.1.118.Final in the shaded jar.
[INFO] Including io.netty:netty-buffer:jar:4.1.118.Final in the shaded jar.
[INFO] Including io.netty:netty-transport:jar:4.1.118.Final in the shaded jar.
[INFO] Including io.netty:netty-handler:jar:4.1.118.Final in the shaded jar.
[INFO] Including io.netty:netty-transport-native-unix-common:jar:4.1.118.Final in the shaded jar.
[INFO] Including io.netty:netty-codec:jar:4.1.118.Final in the shaded jar.
[INFO] Including io.netty:netty-handler-proxy:jar:4.1.118.Final in the shaded jar.
[INFO] Including io.netty:netty-codec-socks:jar:4.1.118.Final in the shaded jar.
[INFO] Including io.netty:netty-codec-http:jar:4.1.118.Final in the shaded jar.
[INFO] Including io.netty:netty-codec-http2:jar:4.1.118.Final in the shaded jar.
[INFO] Including io.netty:netty-resolver:jar:4.1.118.Final in the shaded jar.
[INFO] Including io.netty:netty-resolver-dns:jar:4.1.118.Final in the shaded jar.
[INFO] Including io.netty:netty-codec-dns:jar:4.1.118.Final in the shaded jar.
[INFO] Including io.vertx:vertx-web-client:jar:4.5.14 in the shaded jar.
[INFO] Including io.vertx:vertx-web-common:jar:4.5.14 in the shaded jar.
[INFO] Including io.vertx:vertx-auth-common:jar:4.5.14 in the shaded jar.
[INFO] Including io.fabric8:zjsonpatch:jar:7.3.0 in the shaded jar.
[INFO] Including io.fabric8:generator-annotations:jar:7.3.0 in the shaded jar.
[WARNING] Discovered module-info.class. Shading will break its strong encapsulation.
[WARNING] netty-buffer-4.1.118.Final.jar, netty-codec-4.1.118.Final.jar, netty-codec-dns-4.1.118.Final.jar, netty-codec-http-4.1.118.Final.jar, netty-codec-http2-4.1.118.Final.jar, netty-codec-socks-4.1.118.Final.jar, netty-common-4.1.118.Final.jar, netty-handler-4.1.118.Final.jar, netty-handler-proxy-4.1.118.Final.jar, netty-resolver-4.1.118.Final.jar, netty-resolver-dns-4.1.118.Final.jar, netty-transport-4.1.118.Final.jar, netty-transport-native-unix-common-4.1.118.Final.jar define 1 overlapping resource: 
[WARNING]   - META-INF/io.netty.versions.properties
[WARNING] HdrHistogram-2.2.2.jar, slf4j-api-2.0.17.jar define 1 overlapping resource: 
[WARNING]   - META-INF/LICENSE.txt
[WARNING] generator-annotations-7.3.0.jar, kubernetes-client-7.3.0.jar, kubernetes-client-api-7.3.0.jar, kubernetes-httpclient-vertx-7.3.0.jar, kubernetes-model-admissionregistration-7.3.0.jar, kubernetes-model-apiextensions-7.3.0.jar, kubernetes-model-apps-7.3.0.jar, kubernetes-model-autoscaling-7.3.0.jar, kubernetes-model-batch-7.3.0.jar, kubernetes-model-certificates-7.3.0.jar, kubernetes-model-common-7.3.0.jar, kubernetes-model-coordination-7.3.0.jar, kubernetes-model-core-7.3.0.jar, kubernetes-model-discovery-7.3.0.jar, kubernetes-model-events-7.3.0.jar, kubernetes-model-extensions-7.3.0.jar, kubernetes-model-flowcontrol-7.3.0.jar, kubernetes-model-gatewayapi-7.3.0.jar, kubernetes-model-metrics-7.3.0.jar, kubernetes-model-networking-7.3.0.jar, kubernetes-model-node-7.3.0.jar, kubernetes-model-policy-7.3.0.jar, kubernetes-model-rbac-7.3.0.jar, kubernetes-model-resource-7.3.0.jar, kubernetes-model-scheduling-7.3.0.jar, kubernetes-model-storageclass-7.3.0.jar, zjsonpatch-7.3.0.jar define 1 overlapping resource: 
[WARNING]   - META-INF/jandex.idx
[WARNING] HdrHistogram-2.2.2.jar, LatencyUtils-2.0.3.jar, bcpkix-jdk18on-1.84.jar, bcprov-jdk18on-1.84.jar, bcutil-jdk18on-1.84.jar, echo-operator-0.1.0-SNAPSHOT.jar, generator-annotations-7.3.0.jar, jackson-annotations-2.19.0.jar, jackson-core-2.19.0.jar, jackson-databind-2.19.0.jar, jackson-dataformat-yaml-2.19.0.jar, jackson-datatype-jsr310-2.19.0.jar, jspecify-1.0.0.jar, kubernetes-client-7.3.0.jar, kubernetes-client-api-7.3.0.jar, kubernetes-httpclient-vertx-7.3.0.jar, kubernetes-model-admissionregistration-7.3.0.jar, kubernetes-model-apiextensions-7.3.0.jar, kubernetes-model-apps-7.3.0.jar, kubernetes-model-autoscaling-7.3.0.jar, kubernetes-model-batch-7.3.0.jar, kubernetes-model-certificates-7.3.0.jar, kubernetes-model-common-7.3.0.jar, kubernetes-model-coordination-7.3.0.jar, kubernetes-model-core-7.3.0.jar, kubernetes-model-discovery-7.3.0.jar, kubernetes-model-events-7.3.0.jar, kubernetes-model-extensions-7.3.0.jar, kubernetes-model-flowcontrol-7.3.0.jar, kubernetes-model-gatewayapi-7.3.0.jar, kubernetes-model-metrics-7.3.0.jar, kubernetes-model-networking-7.3.0.jar, kubernetes-model-node-7.3.0.jar, kubernetes-model-policy-7.3.0.jar, kubernetes-model-rbac-7.3.0.jar, kubernetes-model-resource-7.3.0.jar, kubernetes-model-scheduling-7.3.0.jar, kubernetes-model-storageclass-7.3.0.jar, micrometer-commons-1.16.1.jar, micrometer-core-1.16.1.jar, micrometer-observation-1.16.1.jar, micrometer-registry-prometheus-1.16.1.jar, netty-buffer-4.1.118.Final.jar, netty-codec-4.1.118.Final.jar, netty-codec-dns-4.1.118.Final.jar, netty-codec-http-4.1.118.Final.jar, netty-codec-http2-4.1.118.Final.jar, netty-codec-socks-4.1.118.Final.jar, netty-common-4.1.118.Final.jar, netty-handler-4.1.118.Final.jar, netty-handler-proxy-4.1.118.Final.jar, netty-resolver-4.1.118.Final.jar, netty-resolver-dns-4.1.118.Final.jar, netty-transport-4.1.118.Final.jar, netty-transport-native-unix-common-4.1.118.Final.jar, operator-framework-0.1.0-SNAPSHOT.jar, prometheus-metrics-config-1.4.3.jar, prometheus-metrics-core-1.4.3.jar, prometheus-metrics-exposition-formats-1.4.3.jar, prometheus-metrics-exposition-textformats-1.4.3.jar, prometheus-metrics-model-1.4.3.jar, prometheus-metrics-tracer-common-1.4.3.jar, slf4j-api-2.0.17.jar, snakeyaml-2.4.jar, snakeyaml-engine-2.9.jar, vertx-auth-common-4.5.14.jar, vertx-core-4.5.14.jar, vertx-web-client-4.5.14.jar, vertx-web-common-4.5.14.jar, zjsonpatch-7.3.0.jar define 1 overlapping resource: 
[WARNING]   - META-INF/MANIFEST.MF
[WARNING] bcpkix-jdk18on-1.84.jar, bcprov-jdk18on-1.84.jar, bcutil-jdk18on-1.84.jar, jackson-core-2.19.0.jar, jackson-databind-2.19.0.jar, jackson-dataformat-yaml-2.19.0.jar, jackson-datatype-jsr310-2.19.0.jar, jspecify-1.0.0.jar, slf4j-api-2.0.17.jar, snakeyaml-2.4.jar define 1 overlapping classes: 
[WARNING]   - META-INF.versions.9.module-info
[WARNING] jackson-annotations-2.19.0.jar, jackson-core-2.19.0.jar, jackson-databind-2.19.0.jar, jackson-dataformat-yaml-2.19.0.jar, jackson-datatype-jsr310-2.19.0.jar, micrometer-commons-1.16.1.jar, micrometer-core-1.16.1.jar, micrometer-observation-1.16.1.jar, micrometer-registry-prometheus-1.16.1.jar define 2 overlapping resources: 
[WARNING]   - META-INF/LICENSE
[WARNING]   - META-INF/NOTICE
[WARNING] bcpkix-jdk18on-1.84.jar, bcprov-jdk18on-1.84.jar, bcutil-jdk18on-1.84.jar, jspecify-1.0.0.jar define 1 overlapping resource: 
[WARNING]   - META-INF/versions/9/OSGI-INF/MANIFEST.MF
[WARNING] maven-shade-plugin has detected that some files are
[WARNING] present in two or more JARs. When this happens, only one
[WARNING] single version of the file is copied to the uber jar.
[WARNING] Usually this is not harmful and you can skip these warnings,
[WARNING] otherwise try to manually exclude artifacts based on
[WARNING] mvn dependency:tree -Ddetail=true and the above output.
[WARNING] See https://maven.apache.org/plugins/maven-shade-plugin/
[INFO] Replacing original artifact with shaded artifact.
[INFO] Replacing /Volumes/work/Project/java-operator-framework/example/echo-operator/target/echo-operator-0.1.0-SNAPSHOT.jar with /Volumes/work/Project/java-operator-framework/example/echo-operator/target/echo-operator-0.1.0-SNAPSHOT-shaded.jar
[INFO] ------------------------------------------------------------------------
[INFO] BUILD SUCCESS
[INFO] ------------------------------------------------------------------------
[INFO] Total time:  4.603 s
[INFO] Finished at: 2026-07-28T00:02:41+08:00
[INFO] ------------------------------------------------------------------------
