original_status=1
stopping port-forward pid=4613
killed port-forward pid=4613
waited port-forward pid=4613
stopping port-forward pid=4628
killed port-forward pid=4628
waited port-forward pid=4628
stopping port-forward pid=4646
killed port-forward pid=4646
waited port-forward pid=4646
stopping port-forward pid=4983
kill-not-needed port-forward pid=4983
waited port-forward pid=4983
delete echoresources namespace=echo-smoke-split-live-split-20260728003000
No resources found
release Helm validating=echo-smoke-split-live-split-20260728003000-echo-operator-validating
validatingwebhookconfiguration.admissionregistration.k8s.io/echo-smoke-split-live-split-20260728003000-echo-operator-validating patched
release Helm mutating=echo-smoke-split-live-split-20260728003000-echo-operator-mutating
mutatingwebhookconfiguration.admissionregistration.k8s.io/echo-smoke-split-live-split-20260728003000-echo-operator-mutating patched
delete runtime validating=echo-operator.echo-smoke-split-live-split-20260728003000.echo.example.com
delete runtime mutating=echo-operator.echo-smoke-split-live-split-20260728003000.echo.example.com
uninstall release=echo-smoke-split-live-split-20260728003000 namespace=echo-smoke-split-live-split-20260728003000
Uninstalling Helm release echo-smoke-split-live-split-20260728003000 from namespace echo-smoke-split-live-split-20260728003000...
release "echo-smoke-split-live-split-20260728003000" uninstalled
Uninstall complete.
delete namespace=echo-smoke-split-live-split-20260728003000
namespace "echo-smoke-split-live-split-20260728003000" deleted
cleanup_status=0
