+ env KUBECONFIG=/var/folders/l9/f_bwssk92970slrgk7h686z40000gn/T//echo-operator-smoke.live-combined-20260727290000/definitely-invalid-kubeconfig SMOKE_PRECHECK_ONLY=true example/echo-operator/scripts/smoke-test.sh 
+ kubectl config current-context 
+ kubectl cluster-info 
+ kubectl create namespace echo-smoke-combined-live-combined-20260727290000 
+ kubectl get crd echoresources.example.com -o yaml 
+ /Volumes/work/Project/java-operator-framework/example/echo-operator/scripts/build.sh 
+ env IMAGE_TAG=smoke-live-combined-20260727290000 /Volumes/work/Project/java-operator-framework/example/echo-operator/scripts/build-image.sh 
+ tar -tf /Volumes/work/Project/java-operator-framework/.omo/evidence/controller-webhook-split-deployment/baseline/echo-operator-chart.tar 
+ env CHART_DIR=/var/folders/l9/f_bwssk92970slrgk7h686z40000gn/T//echo-operator-smoke.live-combined-20260727290000/baseline-chart/example/echo-operator/helm/echo-operator RELEASE_NAME=echo-smoke-combined-live-combined-20260727290000 NAMESPACE=echo-smoke-combined-live-combined-20260727290000 DEPLOYMENT_MODE=combined IMAGE_TAG=smoke-live-combined-20260727290000 HELM_VALUES_FILE= HELM_POST_RENDERER=/var/folders/l9/f_bwssk92970slrgk7h686z40000gn/T//echo-operator-smoke.live-combined-20260727290000/omit-preexisting-crd.py HELM_WAIT=true SKIP_BUILD=true /Volumes/work/Project/java-operator-framework/example/echo-operator/scripts/deploy.sh 
+ kubectl get deployment\,service -n echo-smoke-combined-live-combined-20260727290000 -l app.kubernetes.io/instance=echo-smoke-combined-live-combined-20260727290000 -o json 
+ kubectl rollout status deployment/echo-smoke-combined-live-combined-20260727290000-echo-operator -n echo-smoke-combined-live-combined-20260727290000 --timeout=300s 
+ kubectl get deployment echo-smoke-combined-live-combined-20260727290000-echo-operator -n echo-smoke-combined-live-combined-20260727290000 -o json 
+ kubectl get service echo-smoke-combined-live-combined-20260727290000-echo-operator -n echo-smoke-combined-live-combined-20260727290000 -o json 
+ env CHART_DIR=/Volumes/work/Project/java-operator-framework/example/echo-operator/helm/echo-operator RELEASE_NAME=echo-smoke-combined-live-combined-20260727290000 NAMESPACE=echo-smoke-combined-live-combined-20260727290000 DEPLOYMENT_MODE=combined IMAGE_TAG=smoke-live-combined-20260727290000 HELM_VALUES_FILE= HELM_POST_RENDERER=/var/folders/l9/f_bwssk92970slrgk7h686z40000gn/T//echo-operator-smoke.live-combined-20260727290000/omit-preexisting-crd.py HELM_WAIT=true SKIP_BUILD=true /Volumes/work/Project/java-operator-framework/example/echo-operator/scripts/deploy.sh 
+ kubectl get deployment\,service -n echo-smoke-combined-live-combined-20260727290000 -l app.kubernetes.io/instance=echo-smoke-combined-live-combined-20260727290000 -o json 
+ kubectl rollout status deployment/echo-smoke-combined-live-combined-20260727290000-echo-operator -n echo-smoke-combined-live-combined-20260727290000 --timeout=300s 
+ kubectl get deployment echo-smoke-combined-live-combined-20260727290000-echo-operator -n echo-smoke-combined-live-combined-20260727290000 -o json 
+ kubectl get service echo-smoke-combined-live-combined-20260727290000-echo-operator -n echo-smoke-combined-live-combined-20260727290000 -o json 
+ kubectl get deployment\,service -n echo-smoke-combined-live-combined-20260727290000 -l app.kubernetes.io/instance=echo-smoke-combined-live-combined-20260727290000 -o json 
+ kubectl rollout status deployment/echo-smoke-combined-live-combined-20260727290000-echo-operator -n echo-smoke-combined-live-combined-20260727290000 --timeout=300s 
+ kubectl rollout status deployment/echo-smoke-combined-live-combined-20260727290000-echo-operator -n echo-smoke-combined-live-combined-20260727290000 --timeout=300s 
+ kubectl port-forward -n echo-smoke-combined-live-combined-20260727290000 svc/echo-smoke-combined-live-combined-20260727290000-echo-operator 52173:8080 
+ curl --silent --show-error --output /Volumes/work/Project/java-operator-framework/.omo/evidence/controller-webhook-split-deployment/combined/live-combined-20260727290000/http-controller-healthz.log --write-out %\{http_code\} http://127.0.0.1:52173/healthz 
+ curl --silent --show-error --output /Volumes/work/Project/java-operator-framework/.omo/evidence/controller-webhook-split-deployment/combined/live-combined-20260727290000/http-controller-readyz.log --write-out %\{http_code\} http://127.0.0.1:52173/readyz 
+ curl --silent --show-error --output /Volumes/work/Project/java-operator-framework/.omo/evidence/controller-webhook-split-deployment/combined/live-combined-20260727290000/http-webhook-healthz.log --write-out %\{http_code\} http://127.0.0.1:52173/healthz 
+ curl --silent --show-error --output /Volumes/work/Project/java-operator-framework/.omo/evidence/controller-webhook-split-deployment/combined/live-combined-20260727290000/http-webhook-readyz.log --write-out %\{http_code\} http://127.0.0.1:52173/readyz 
+ kubectl get secret echo-operator-webhook-ca -n echo-smoke-combined-live-combined-20260727290000 -o jsonpath=\{.data.ca\\.crt\} 
+ kubectl port-forward -n echo-smoke-combined-live-combined-20260727290000 svc/echo-smoke-combined-live-combined-20260727290000-echo-operator 52190:443 
+ curl --noproxy \* --silent --show-error --cacert /var/folders/l9/f_bwssk92970slrgk7h686z40000gn/T//echo-operator-smoke.live-combined-20260727290000/admission-probe-ca.crt --resolve echo-smoke-combined-live-combined-20260727290000-echo-operator.echo-smoke-combined-live-combined-20260727290000.svc:52190:127.0.0.1 --header Content-Type:\ application/json --data-binary @/var/folders/l9/f_bwssk92970slrgk7h686z40000gn/T//echo-operator-smoke.live-combined-20260727290000/admission-probe.json https://echo-smoke-combined-live-combined-20260727290000-echo-operator.echo-smoke-combined-live-combined-20260727290000.svc:52190/mutate/echo.example.com 
+ kubectl apply -n echo-smoke-combined-live-combined-20260727290000 -f /var/folders/l9/f_bwssk92970slrgk7h686z40000gn/T//echo-operator-smoke.live-combined-20260727290000/invalid.json 
+ kubectl get validatingwebhookconfiguration echo-operator.echo-smoke-combined-live-combined-20260727290000.echo.example.com -o yaml 
+ kubectl get mutatingwebhookconfiguration echo-operator.echo-smoke-combined-live-combined-20260727290000.echo.example.com -o yaml 
+ kubectl get endpointslice -n echo-smoke-combined-live-combined-20260727290000 -l kubernetes.io/service-name=echo-smoke-combined-live-combined-20260727290000-echo-operator -o yaml 
+ kubectl logs pod/echo-smoke-combined-live-combined-20260727290000-echo-oper7vqdz -n echo-smoke-combined-live-combined-20260727290000 
+ kubectl apply -n echo-smoke-combined-live-combined-20260727290000 -f /var/folders/l9/f_bwssk92970slrgk7h686z40000gn/T//echo-operator-smoke.live-combined-20260727290000/mutated.json 
+ kubectl get echoresource mutation-live-combined-20260727290000 -n echo-smoke-combined-live-combined-20260727290000 -o json 
+ kubectl get --raw /apis/example.com/v1alpha2/namespaces/echo-smoke-combined-live-combined-20260727290000/echoresources/mutation-live-combined-20260727290000 
+ kubectl apply -n echo-smoke-combined-live-combined-20260727290000 -f /var/folders/l9/f_bwssk92970slrgk7h686z40000gn/T//echo-operator-smoke.live-combined-20260727290000/alpha-two.json 
+ kubectl get --raw /apis/example.com/v1alpha1/namespaces/echo-smoke-combined-live-combined-20260727290000/echoresources/alpha-two-live-combined-20260727290000 
+ kubectl apply -n echo-smoke-combined-live-combined-20260727290000 -f /var/folders/l9/f_bwssk92970slrgk7h686z40000gn/T//echo-operator-smoke.live-combined-20260727290000/reconciliation.json 
+ kubectl get echoresource reconcile-live-combined-20260727290000 -n echo-smoke-combined-live-combined-20260727290000 -o json 
+ kubectl delete echoresource mutation-live-combined-20260727290000 -n echo-smoke-combined-live-combined-20260727290000 --wait=false 
+ kubectl delete echoresource alpha-two-live-combined-20260727290000 -n echo-smoke-combined-live-combined-20260727290000 --wait=false 
+ kubectl delete echoresource reconcile-live-combined-20260727290000 -n echo-smoke-combined-live-combined-20260727290000 --wait=false 
+ kubectl auth can-i get echoresources.example.com/reconcile-live-combined-20260727290000 --namespace echo-smoke-combined-live-combined-20260727290000 --as=system:serviceaccount:echo-smoke-combined-live-combined-20260727290000:echo-smoke-combined-live-combined-20260727290000-echo-operator 
+ kubectl auth can-i get validatingwebhookconfigurations.admissionregistration.k8s.io/echo-operator.echo-smoke-combined-live-combined-20260727290000.echo.example.com --as=system:serviceaccount:echo-smoke-combined-live-combined-20260727290000:echo-smoke-combined-live-combined-20260727290000-echo-operator 
+ kubectl auth can-i delete customresourcedefinitions.apiextensions.k8s.io/echoresources.example.com --as=system:serviceaccount:echo-smoke-combined-live-combined-20260727290000:echo-smoke-combined-live-combined-20260727290000-echo-operator 
+ kubectl get deployment\,service\,pod\,endpointslice\,serviceaccount\,role\,rolebinding -n echo-smoke-combined-live-combined-20260727290000 -o yaml 
+ kubectl get crd echoresources.example.com -o yaml 
+ kubectl get validatingwebhookconfiguration -o yaml 
+ kubectl get mutatingwebhookconfiguration -o yaml 
+ openssl req -x509 -newkey rsa:2048 -nodes -keyout /var/folders/l9/f_bwssk92970slrgk7h686z40000gn/T//echo-operator-smoke.live-combined-20260727290000/ca.key -out /var/folders/l9/f_bwssk92970slrgk7h686z40000gn/T//echo-operator-smoke.live-combined-20260727290000/ca.crt -days 1 -subj /CN=echo-smoke-ca 
+ openssl req -newkey rsa:2048 -nodes -keyout /var/folders/l9/f_bwssk92970slrgk7h686z40000gn/T//echo-operator-smoke.live-combined-20260727290000/tls.key -out /var/folders/l9/f_bwssk92970slrgk7h686z40000gn/T//echo-operator-smoke.live-combined-20260727290000/tls.csr -subj /CN=echo-smoke-combined-live-combined-20260727290000-echo-operator 
+ openssl x509 -req -in /var/folders/l9/f_bwssk92970slrgk7h686z40000gn/T//echo-operator-smoke.live-combined-20260727290000/tls.csr -CA /var/folders/l9/f_bwssk92970slrgk7h686z40000gn/T//echo-operator-smoke.live-combined-20260727290000/ca.crt -CAkey /var/folders/l9/f_bwssk92970slrgk7h686z40000gn/T//echo-operator-smoke.live-combined-20260727290000/ca.key -CAcreateserial -out /var/folders/l9/f_bwssk92970slrgk7h686z40000gn/T//echo-operator-smoke.live-combined-20260727290000/tls.crt -days 1 -extfile /var/folders/l9/f_bwssk92970slrgk7h686z40000gn/T//echo-operator-smoke.live-combined-20260727290000/san.ext 
+ kubectl create secret generic echo-smoke-combined-live-combined-20260727290000-webhook-tls -n echo-smoke-combined-live-combined-20260727290000 --from-file=ca.crt=/var/folders/l9/f_bwssk92970slrgk7h686z40000gn/T//echo-operator-smoke.live-combined-20260727290000/ca.crt --from-file=tls.crt=/var/folders/l9/f_bwssk92970slrgk7h686z40000gn/T//echo-operator-smoke.live-combined-20260727290000/tls.crt --from-file=tls.key=/var/folders/l9/f_bwssk92970slrgk7h686z40000gn/T//echo-operator-smoke.live-combined-20260727290000/tls.key 
+ env CHART_DIR=/Volumes/work/Project/java-operator-framework/example/echo-operator/helm/echo-operator RELEASE_NAME=echo-smoke-combined-live-combined-20260727290000 NAMESPACE=echo-smoke-combined-live-combined-20260727290000 DEPLOYMENT_MODE=combined IMAGE_TAG=smoke-live-combined-20260727290000 HELM_VALUES_FILE=/var/folders/l9/f_bwssk92970slrgk7h686z40000gn/T//echo-operator-smoke.live-combined-20260727290000/external-runtime-values.yaml HELM_POST_RENDERER=/var/folders/l9/f_bwssk92970slrgk7h686z40000gn/T//echo-operator-smoke.live-combined-20260727290000/omit-preexisting-crd.py HELM_WAIT=true SKIP_BUILD=true /Volumes/work/Project/java-operator-framework/example/echo-operator/scripts/deploy.sh 
+ kubectl get deployment\,service -n echo-smoke-combined-live-combined-20260727290000 -l app.kubernetes.io/instance=echo-smoke-combined-live-combined-20260727290000 -o json 
+ kubectl patch crd echoresources.example.com --type=merge --patch-file /var/folders/l9/f_bwssk92970slrgk7h686z40000gn/T//echo-operator-smoke.live-combined-20260727290000/external-crd-client-config.json 
+ kubectl rollout status deployment/echo-smoke-combined-live-combined-20260727290000-echo-operator -n echo-smoke-combined-live-combined-20260727290000 --timeout=300s 
+ kubectl get secret echo-smoke-combined-live-combined-20260727290000-webhook-tls -n echo-smoke-combined-live-combined-20260727290000 -o jsonpath=\{.data.ca\\.crt\} 
+ kubectl get crd echoresources.example.com -o jsonpath=\{.spec.conversion.webhook.clientConfig.caBundle\} 
+ kubectl get validatingwebhookconfiguration echo-operator.echo-smoke-combined-live-combined-20260727290000.echo.example.com -o jsonpath=\{.webhooks\[0\].clientConfig.caBundle\} 
+ kubectl get mutatingwebhookconfiguration echo-operator.echo-smoke-combined-live-combined-20260727290000.echo.example.com -o jsonpath=\{.webhooks\[0\].clientConfig.caBundle\} 
+ env CHART_DIR=/Volumes/work/Project/java-operator-framework/example/echo-operator/helm/echo-operator RELEASE_NAME=echo-smoke-combined-live-combined-20260727290000 NAMESPACE=echo-smoke-combined-live-combined-20260727290000 DEPLOYMENT_MODE=combined IMAGE_TAG=smoke-live-combined-20260727290000 HELM_VALUES_FILE=/var/folders/l9/f_bwssk92970slrgk7h686z40000gn/T//echo-operator-smoke.live-combined-20260727290000/external-helm-values.yaml HELM_POST_RENDERER=/var/folders/l9/f_bwssk92970slrgk7h686z40000gn/T//echo-operator-smoke.live-combined-20260727290000/omit-preexisting-crd.py HELM_WAIT=true SKIP_BUILD=true /Volumes/work/Project/java-operator-framework/example/echo-operator/scripts/deploy.sh 
+ kubectl get deployment\,service -n echo-smoke-combined-live-combined-20260727290000 -l app.kubernetes.io/instance=echo-smoke-combined-live-combined-20260727290000 -o json 
+ kubectl patch crd echoresources.example.com --type=merge --patch-file /var/folders/l9/f_bwssk92970slrgk7h686z40000gn/T//echo-operator-smoke.live-combined-20260727290000/external-crd-client-config.json 
+ kubectl rollout status deployment/echo-smoke-combined-live-combined-20260727290000-echo-operator -n echo-smoke-combined-live-combined-20260727290000 --timeout=300s 
+ kubectl get secret echo-smoke-combined-live-combined-20260727290000-webhook-tls -n echo-smoke-combined-live-combined-20260727290000 -o jsonpath=\{.data.ca\\.crt\} 
+ kubectl get crd echoresources.example.com -o jsonpath=\{.spec.conversion.webhook.clientConfig.caBundle\} 
+ kubectl get validatingwebhookconfiguration echo-smoke-combined-live-combined-20260727290000-echo-operator-validating -o jsonpath=\{.webhooks\[0\].clientConfig.caBundle\} 
+ kubectl get mutatingwebhookconfiguration echo-smoke-combined-live-combined-20260727290000-echo-operator-mutating -o jsonpath=\{.webhooks\[0\].clientConfig.caBundle\} 
+ kubectl patch validatingwebhookconfiguration echo-smoke-combined-live-combined-20260727290000-echo-operator-validating --type=merge -p \{\"metadata\":\{\"finalizers\":\[\"echo-smoke.hold\"\]\}\} 
+ kubectl patch mutatingwebhookconfiguration echo-smoke-combined-live-combined-20260727290000-echo-operator-mutating --type=merge -p \{\"metadata\":\{\"finalizers\":\[\"echo-smoke.hold\"\]\}\} 
+ env CHART_DIR=/Volumes/work/Project/java-operator-framework/example/echo-operator/helm/echo-operator RELEASE_NAME=echo-smoke-combined-live-combined-20260727290000 NAMESPACE=echo-smoke-combined-live-combined-20260727290000 DEPLOYMENT_MODE=combined IMAGE_TAG=smoke-live-combined-20260727290000 HELM_VALUES_FILE=/var/folders/l9/f_bwssk92970slrgk7h686z40000gn/T//echo-operator-smoke.live-combined-20260727290000/external-runtime-values.yaml HELM_POST_RENDERER=/var/folders/l9/f_bwssk92970slrgk7h686z40000gn/T//echo-operator-smoke.live-combined-20260727290000/omit-preexisting-crd.py HELM_WAIT=false SKIP_BUILD=true /Volumes/work/Project/java-operator-framework/example/echo-operator/scripts/deploy.sh 
+ kubectl get deployment\,service -n echo-smoke-combined-live-combined-20260727290000 -l app.kubernetes.io/instance=echo-smoke-combined-live-combined-20260727290000 -o json 
+ kubectl patch crd echoresources.example.com --type=merge --patch-file /var/folders/l9/f_bwssk92970slrgk7h686z40000gn/T//echo-operator-smoke.live-combined-20260727290000/external-crd-client-config.json 
+ kubectl get pod echo-smoke-combined-live-combined-20260727290000-echo-operwmtq7 -n echo-smoke-combined-live-combined-20260727290000 -o json 
+ kubectl logs pod/echo-smoke-combined-live-combined-20260727290000-echo-operwmtq7 -n echo-smoke-combined-live-combined-20260727290000 
+ kubectl port-forward -n echo-smoke-combined-live-combined-20260727290000 pod/echo-smoke-combined-live-combined-20260727290000-echo-operwmtq7 52294:8080 
+ curl --silent --show-error --output /Volumes/work/Project/java-operator-framework/.omo/evidence/controller-webhook-split-deployment/combined/live-combined-20260727290000/http-held-webhook-readyz.log --write-out %\{http_code\} http://127.0.0.1:52294/readyz 
+ kubectl patch validatingwebhookconfiguration echo-smoke-combined-live-combined-20260727290000-echo-operator-validating --type=merge -p \{\"metadata\":\{\"finalizers\":\[\]\}\} 
+ kubectl patch mutatingwebhookconfiguration echo-smoke-combined-live-combined-20260727290000-echo-operator-mutating --type=merge -p \{\"metadata\":\{\"finalizers\":\[\]\}\} 
+ kubectl rollout status deployment/echo-smoke-combined-live-combined-20260727290000-echo-operator -n echo-smoke-combined-live-combined-20260727290000 --timeout=300s 
+ curl --silent --show-error --output /Volumes/work/Project/java-operator-framework/.omo/evidence/controller-webhook-split-deployment/combined/live-combined-20260727290000/http-held-webhook-readyz.log --write-out %\{http_code\} http://127.0.0.1:52294/readyz 
+ kubectl get secret echo-smoke-combined-live-combined-20260727290000-webhook-tls -n echo-smoke-combined-live-combined-20260727290000 -o jsonpath=\{.data.ca\\.crt\} 
+ kubectl get crd echoresources.example.com -o jsonpath=\{.spec.conversion.webhook.clientConfig.caBundle\} 
+ kubectl get validatingwebhookconfiguration echo-operator.echo-smoke-combined-live-combined-20260727290000.echo.example.com -o jsonpath=\{.webhooks\[0\].clientConfig.caBundle\} 
+ kubectl get mutatingwebhookconfiguration echo-operator.echo-smoke-combined-live-combined-20260727290000.echo.example.com -o jsonpath=\{.webhooks\[0\].clientConfig.caBundle\} 
+ openssl req -x509 -newkey rsa:2048 -nodes -keyout /var/folders/l9/f_bwssk92970slrgk7h686z40000gn/T//echo-operator-smoke.live-combined-20260727290000/wrong-ca.key -out /var/folders/l9/f_bwssk92970slrgk7h686z40000gn/T//echo-operator-smoke.live-combined-20260727290000/wrong-ca.crt -days 1 -subj /CN=wrong-echo-smoke-ca 
+ env CHART_DIR=/Volumes/work/Project/java-operator-framework/example/echo-operator/helm/echo-operator RELEASE_NAME=echo-smoke-combined-live-combined-20260727290000 NAMESPACE=echo-smoke-combined-live-combined-20260727290000 DEPLOYMENT_MODE=combined IMAGE_TAG=smoke-live-combined-20260727290000 HELM_VALUES_FILE=/var/folders/l9/f_bwssk92970slrgk7h686z40000gn/T//echo-operator-smoke.live-combined-20260727290000/mismatched-ca-values.yaml HELM_POST_RENDERER=/var/folders/l9/f_bwssk92970slrgk7h686z40000gn/T//echo-operator-smoke.live-combined-20260727290000/omit-preexisting-crd.py HELM_WAIT=true SKIP_BUILD=true /Volumes/work/Project/java-operator-framework/example/echo-operator/scripts/deploy.sh 
+ kubectl get deployment\,service -n echo-smoke-combined-live-combined-20260727290000 -l app.kubernetes.io/instance=echo-smoke-combined-live-combined-20260727290000 -o json 
+ kubectl patch crd echoresources.example.com --type=merge --patch-file /var/folders/l9/f_bwssk92970slrgk7h686z40000gn/T//echo-operator-smoke.live-combined-20260727290000/external-crd-client-config.json 
+ kubectl rollout status deployment/echo-smoke-combined-live-combined-20260727290000-echo-operator -n echo-smoke-combined-live-combined-20260727290000 --timeout=300s 
+ kubectl get validatingwebhookconfiguration echo-smoke-combined-live-combined-20260727290000-echo-operator-validating -o jsonpath=\{.webhooks\[0\].failurePolicy\} 
+ kubectl apply -n echo-smoke-combined-live-combined-20260727290000 -f /var/folders/l9/f_bwssk92970slrgk7h686z40000gn/T//echo-operator-smoke.live-combined-20260727290000/mismatched-ca-request.json 
+ kubectl get deployment\,service\,pod\,endpointslice\,serviceaccount\,role\,rolebinding -n echo-smoke-combined-live-combined-20260727290000 -o yaml 
+ kubectl get crd echoresources.example.com -o yaml 
+ kubectl get validatingwebhookconfiguration -o yaml 
+ kubectl get mutatingwebhookconfiguration -o yaml 
