original_status=1
stopping port-forward pid=93428
killed port-forward pid=93428
waited port-forward pid=93428
stopping port-forward pid=93446
killed port-forward pid=93446
waited port-forward pid=93446
delete echoresources namespace=echo-smoke-combined-live-combined-20260727243000
echoresource.example.com "mutation-live-combined-20260727243000" deleted from echo-smoke-combined-live-combined-20260727243000 namespace
delete runtime validating=echo-operator.echo-smoke-combined-live-combined-20260727243000.echo.example.com
validatingwebhookconfiguration.admissionregistration.k8s.io "echo-operator.echo-smoke-combined-live-combined-20260727243000.echo.example.com" deleted
delete runtime mutating=echo-operator.echo-smoke-combined-live-combined-20260727243000.echo.example.com
mutatingwebhookconfiguration.admissionregistration.k8s.io "echo-operator.echo-smoke-combined-live-combined-20260727243000.echo.example.com" deleted
uninstall release=echo-smoke-combined-live-combined-20260727243000 namespace=echo-smoke-combined-live-combined-20260727243000
Uninstalling Helm release echo-smoke-combined-live-combined-20260727243000 from namespace echo-smoke-combined-live-combined-20260727243000...
release "echo-smoke-combined-live-combined-20260727243000" uninstalled
Uninstall complete.
delete namespace=echo-smoke-combined-live-combined-20260727243000
namespace "echo-smoke-combined-live-combined-20260727243000" deleted
cleanup_status=0
