F4 Scope Fidelity Check - operator-sdk-advanced-features
Date: 2026-06-21

Plan checked: .sisyphus/plans/operator-sdk-advanced-features.md
Scope: T1-T16 deliverables, Must NOT Have guardrails, unaccounted artifacts/contamination.

Task compliance:
- T1 TLS WebhookServer: COMPLIANT. WebhookServer uses JDK HttpsServer, DEFAULT_PORT=8443, TLS cert/key/CA paths, graceful start/stop, and CertWatcher-backed reload through ReloadableSslContext.
- T2 AdmissionValidator / AdmissionMutator + handler: COMPLIANT. SDK admission package contains AdmissionValidator, AdmissionMutator, AdmissionHandler, AdmissionResult; handlers dispatch AdmissionReview for validate/mutate paths and JSON patch responses.
- T3 WebhookSelfRegistration: COMPLIANT. registration package contains WebhookSelfRegistration and WebhookRegistrationConfig for ValidatingWebhookConfiguration/MutatingWebhookConfiguration self-registration with CA bundle and Fail defaults.
- T4 TLS cert reload: COMPLIANT. ReloadableSslContext and webhook/cert/CertWatcher are scoped to TLS certificate file reload only.
- T5 SDK webhook unit tests: COMPLIANT. Tests exist for WebhookServer, AdmissionHandler, WebhookSelfRegistration, TlsCertReload, ConversionHandler, and ConversionResult.
- T6 Echo Operator webhook example: COMPLIANT. EchoValidatingWebhook and EchoMutatingWebhook exist; EchoOperatorMain registers validator, mutator, webhook server, and self-registration.
- T7 EchoResource v1alpha2 + hub/spoke converter: NON-COMPLIANT FOR 1:1 PATH FIDELITY. The semantic v1alpha2 resource exists with @Version(value="v1alpha2", storage=true, served=true), but it is implemented under example/echo-operator/src/main/java/com/example/echooperator/api/v2/ rather than the plan deliverable path .../api/v1alpha2/. Glob checks for api/v1alpha2 returned no files. EchoConverter exists and handles v1alpha1 <-> v1alpha2.
- T8 CRD generator multi-version + Helm CRD patch: COMPLIANT. Helm CRD has v1alpha1 deprecated served/storage false, v1alpha2 served/storage true, conversion.strategy Webhook, conversionReviewVersions ["v1"], service clientConfig, and caBundle from values.
- T9 ConversionWebhookHandler + /convert endpoint: COMPLIANT. SDK conversion package contains ConversionWebhookHandler, ConversionResult, and ConversionHandler; /convert registration is wired through ConversionHandler.register(webhookServer).
- T10 Wire conversion into WebhookServer: COMPLIANT. EchoOperatorMain creates one WebhookServer, then registers AdmissionHandler and ConversionHandler on that same TLS server.
- T11 SDK conversion unit tests: COMPLIANT. ConversionHandlerTest and ConversionResultTest cover conversion dispatch/result behavior; EchoConverterTest exists in example tests.
- T12 Helm chart Service/RBAC/webhook resources: COMPLIANT. service.yaml exposes webhook service port when enabled; deployment.yaml mounts webhook TLS Secret; clusterrole/clusterrolebinding grant admissionregistration and CRD permissions; validating/mutating webhook configuration templates exist and are gated by webhook.createWebhookConfigurations.
- T13 SDK README + dev-guide CN/EN: COMPLIANT. operator/framework README files and docs/dev-guide files contain webhook/conversion documentation.
- T14 Echo README CN/EN: COMPLIANT. Echo README files mention webhook, TLS Secret, and v1alpha2/conversion usage.
- T15 Helm lint/template/render verification: COMPLIANT BY ARTIFACT REVIEW. Helm templates contain the required webhook resources; existing plan/evidence records indicate lint/template passed. No new helm command was required for this F4 scope-only pass.
- T16 Smoke test webhook + conversion: COMPLIANT BY SCRIPT REVIEW. smoke-test.sh exists; prior plan/evidence records indicate syntax validation and optional cluster behavior.

Forbidden/guardrail scan:
- cert-manager: CLEAN in active source/docs/Helm/scripts. Hits exist only in historical evidence/notepads/plan text and are not implementation contamination.
- Quarkus / Spring Boot / JOSDK: CLEAN as dependencies/features. Active README hits are negative statements documenting absence.
- Runtime YAML config hot-reload: CLEAN in active source/docs/Helm/scripts. ConfigWatcher, ReloadableConfig, withReloadableConfig, operator-config.yaml, OPERATOR_CONFIG_PATH, and jackson-dataformat-yaml are absent from active source/docs/Helm/scripts and POMs. TLS certificate reload remains present and is explicitly in scope.
- Self-signed certificate generation: CLEAN. Helm values expect externally created TLS Secret.
- Storage version auto-migration: CLEAN. Only conversion webhook and v1alpha2 storage are present.
- Webhook metrics/tracing/generic test framework: CLEAN. No new webhook metrics/tracing framework found.
- Shared metrics/health webhook port: CLEAN. Metrics remains 8080; webhook is 8443.

Unaccounted artifacts / contamination:
- Active source/docs contamination: CLEAN except the T7 package/path fidelity issue.
- Unaccounted implementation artifact: example/echo-operator/src/main/java/com/example/echooperator/api/v2/* is the v1alpha2 implementation but does not match the plan's api/v1alpha2 path. This is a naming/path drift, not an extra feature.
- Historical generated/target/evidence/notepad files contain stale references to removed hot-reload and cert-manager text; excluded from active implementation scope.

VERDICT:
Tasks [15/16 compliant] | Contamination [CLEAN] | Unaccounted [1 PATH DRIFT] | VERDICT: NEEDS REVIEW

Reason approval was not issued: F4 requires 1:1 implementation against the plan, and the plan explicitly asks for example/echo-operator/src/main/java/.../api/v1alpha2/EchoResource.java while the actual source path is api/v2/EchoResource.java.
