Tasks [20/20 compliant] | Contamination [CLEAN] | Unaccounted [CLEAN] | VERDICT: APPROVE

Scope fidelity check completed against `.sisyphus/plans/java-k8s-operator-scaffold.md` F4.

Task findings:
- T1-T2: SDK and example Maven projects match requested coordinates, Java 21, fabric8, CRD/java generator plugins, Micrometer, JUnit/Mockito, .gitignore files, and separate project layout. No JOSDK/Quarkus/Spring Boot/example-in-SDK contamination found.
- T3-T5: SDK Reconciler/Result/Request, ResourceEventSource, Operator launcher, OwnerReferenceHelper, and FinalizerHelper match the requested API/runtime/helper scope. Helpers remain pure; SDK package names are consistently `com.huawei.dcs.modelengine.operator.framework...`.
- T6-T9: LeaderElectionManager supports default LeaseLock and explicit ConfigMapLock; retry/rate limiter is bounded and integrated into Operator; MetricsServer and HealthServer expose `/metrics`, `/healthz`, `/readyz` on shared JDK HttpServer via MetricsHealthServer. Operator records reconcile errors through MetricsServer when wired with `withMetricsServer`.
- T10: SDK unit test files cover launcher, informer source, reconciler interface, helpers, leader election, retry/rate limiter, metrics, and health APIs.
- T11-T13: Echo CRD classes, source CRD YAML, reconciler deployment/service creation, owner references, finalizer lifecycle, status update, and retry-on-error behavior match plan. No generated Java sources are committed outside `target/`.
- T14-T18: EchoOperatorMain, Dockerfile, Helm chart, and scripts match requested local-run/build-image/deploy/undeploy/package/smoke workflows. `example/echo-operator/scripts/local-run.sh` computes `PROJECT_DIR` as `SCRIPT_DIR/..`, changes into `example/echo-operator/`, and runs `mvn -f pom.xml exec:java` from there.
- T19-T20: Six documentation files exist and mention planned commands; smoke-test script and sample Echo CR exist.

Previously failing item verification:
- `example/echo-operator/scripts/local-run.sh`: clean (`PROJECT_DIR="${SCRIPT_DIR}/.."`; runs `mvn -f pom.xml` from example project directory).
- Helm packages: clean (no `*.tgz` found under `example/echo-operator/helm/`; no repo-wide `*.tgz` found).
- `example/echo-operator/.gitignore`: clean (`helm/*.tgz` present).
- IDE metadata: clean (no `.project`, `.classpath`, `.settings/`, `.factorypath`, `.iml`, `.idea/`, or `.vscode/` artifacts under SDK/example source trees).
- SDK package naming: clean (`com.huawei.dcs.modelengine.operator.framework...` consistently used; no `io.github.huawei...` package drift found).
- Leader election locks: clean (`LeaseLock` and `ConfigMapLock` implementation and tests found).
- Operator metrics: clean (`Operator.withMetricsServer`, `recordReconcileError`, and tests verifying MetricsServer error recording found).

Unaccounted artifact check:
- `git status --short`: not available because workspace is not a git repository, consistent with plan context.
- Glob/grep inventory found generated artifacts only under `target/`, which is allowed by plan. No packaged Helm charts or IDE metadata remain.

No file:line violations found.
