14 matches in 1 files:

operator/framework/README.md:158:`WebhookServer` is a TLS server built on JDK `HttpsServer`. It defaults to `0.0....
operator/framework/README.md:161:import com.huawei.dcs.modelengine.operator.framework.webhook.WebhookServer;
operator/framework/README.md:164:WebhookServer webhookServer = WebhookServer.withCertWatcher(
operator/framework/README.md:165:WebhookServer.DEFAULT_HOST, 8443,
operator/framework/README.md:198:...AdmissionHandler.register(WebhookServer)` exposes `/validate/{name}` and `/mutat...
operator/framework/README.md:200:To register webhook configurations in Kubernetes at startup, use `WebhookSelfReg...
operator/framework/README.md:203:...s.modelengine.operator.framework.webhook.registration.WebhookRegistrationConfig;
operator/framework/README.md:204:...dcs.modelengine.operator.framework.webhook.registration.WebhookSelfRegistration;
operator/framework/README.md:206:WebhookRegistrationConfig config = WebhookRegistrationConfig.builder(
operator/framework/README.md:214:WebhookSelfRegistration registration = new WebhookSelfRegistration(client, confi...
operator/framework/README.md:218:...r replaces one `ValidatingWebhookConfiguration` and one `MutatingWebhookConfigur...
operator/framework/README.md:222:...SDK provides a conversion webhook handler that mounts on the same `WebhookServer...
operator/framework/README.md:227:....dcs.modelengine.operator.framework.webhook.conversion.ConversionWebhookHandler;
operator/framework/README.md:238:`ConversionWebhookHandler.convert(desiredVersion, HasMetadata)` returns a `Conve...
---
3 matches in 1 files:

docs/dev-guide.md:234:import com.huawei.dcs.modelengine.operator.framework.config.ReloadableConfig;
docs/dev-guide.md:237:ReloadableConfig reloadableConfig = new ReloadableConfig();
docs/dev-guide.md:243:.withReloadableConfig(reloadableConfig);
EXIT:0
