[INFO] Scanning for projects...
[INFO] ---------------------< com.example:echo-operator >----------------------
[INFO] Building echo-operator 0.1.0-SNAPSHOT
[INFO] Running com.example.echooperator.EchoOperatorMainWiringTest
[ERROR] Tests run: 2, Failures: 2, Errors: 0, Skipped: 0, Time elapsed: 0.732 s <<< FAILURE! -- in com.example.echooperator.EchoOperatorMainWiringTest
[ERROR] com.example.echooperator.EchoOperatorMainWiringTest.stopBeforeStartClosesEveryControllerOwnedResourceAtMostOnce -- Time elapsed: 0.716 s <<< FAILURE!
org.mockito.exceptions.verification.TooManyActualInvocations: 

[ERROR] com.example.echooperator.EchoOperatorMainWiringTest.controllerStartupFailureBeforeOperatorStartClosesSharedClientExactlyOnce -- Time elapsed: 0.007 s <<< FAILURE!
[INFO] Results:
[ERROR] Failures: 
[ERROR]   EchoOperatorMainWiringTest.controllerStartupFailureBeforeOperatorStartClosesSharedClientExactlyOnce:411 
[ERROR]   EchoOperatorMainWiringTest.stopBeforeStartClosesEveryControllerOwnedResourceAtMostOnce:386 
[ERROR] Tests run: 2, Failures: 2, Errors: 0, Skipped: 0
[INFO] BUILD FAILURE
[INFO] Total time:  2.946 s
[INFO] Finished at: 2026-07-27T19:25:23+08:00
[ERROR] Failed to execute goal org.apache.maven.plugins:maven-surefire-plugin:3.2.5:test (default-test) on project echo-operator: There are test failures.
[ERROR] Please refer to /Volumes/work/Project/java-operator-framework/example/echo-operator/target/surefire-reports for the individual test results.
[ERROR] Please refer to dump files (if any exist) [date].dump, [date]-jvmRun[N].dump and [date].dumpstream.

[full output: ~/Library/Application Support/rtk/tee/1785151524_mvn_test.log]
