original_status=1
stopping port-forward pid=94616
killed port-forward pid=94616
waited port-forward pid=94616
stopping port-forward pid=94634
killed port-forward pid=94634
waited port-forward pid=94634
delete echoresources namespace=echo-smoke-combined-live-combined-20260727245000
No resources found
delete runtime validating=echo-operator.echo-smoke-combined-live-combined-20260727245000.echo.example.com
validatingwebhookconfiguration.admissionregistration.k8s.io "echo-operator.echo-smoke-combined-live-combined-20260727245000.echo.example.com" deleted
delete runtime mutating=echo-operator.echo-smoke-combined-live-combined-20260727245000.echo.example.com
mutatingwebhookconfiguration.admissionregistration.k8s.io "echo-operator.echo-smoke-combined-live-combined-20260727245000.echo.example.com" deleted
uninstall release=echo-smoke-combined-live-combined-20260727245000 namespace=echo-smoke-combined-live-combined-20260727245000
Uninstalling Helm release echo-smoke-combined-live-combined-20260727245000 from namespace echo-smoke-combined-live-combined-20260727245000...
release "echo-smoke-combined-live-combined-20260727245000" uninstalled
Uninstall complete.
delete namespace=echo-smoke-combined-live-combined-20260727245000
namespace "echo-smoke-combined-live-combined-20260727245000" deleted
cleanup_status=0
