+ env KUBECONFIG=/var/folders/l9/f_bwssk92970slrgk7h686z40000gn/T//echo-operator-smoke.live-combined-20260727245000/definitely-invalid-kubeconfig SMOKE_PRECHECK_ONLY=true example/echo-operator/scripts/smoke-test.sh 
+ kubectl config current-context 
+ kubectl cluster-info 
+ kubectl create namespace echo-smoke-combined-live-combined-20260727245000 
+ kubectl get crd echoresources.example.com -o yaml 
+ /Volumes/work/Project/java-operator-framework/example/echo-operator/scripts/build.sh 
+ /Volumes/work/Project/java-operator-framework/example/echo-operator/scripts/build-image.sh 
+ tar -tf /Volumes/work/Project/java-operator-framework/.omo/evidence/controller-webhook-split-deployment/baseline/echo-operator-chart.tar 
+ env CHART_DIR=/var/folders/l9/f_bwssk92970slrgk7h686z40000gn/T//echo-operator-smoke.live-combined-20260727245000/baseline-chart/example/echo-operator/helm/echo-operator RELEASE_NAME=echo-smoke-combined-live-combined-20260727245000 NAMESPACE=echo-smoke-combined-live-combined-20260727245000 DEPLOYMENT_MODE=combined IMAGE_TAG=latest HELM_VALUES_FILE= HELM_POST_RENDERER=/var/folders/l9/f_bwssk92970slrgk7h686z40000gn/T//echo-operator-smoke.live-combined-20260727245000/omit-preexisting-crd.py HELM_WAIT=true SKIP_BUILD=true /Volumes/work/Project/java-operator-framework/example/echo-operator/scripts/deploy.sh 
+ kubectl get deployment\,service -n echo-smoke-combined-live-combined-20260727245000 -l app.kubernetes.io/instance=echo-smoke-combined-live-combined-20260727245000 -o json 
+ kubectl rollout status deployment/echo-smoke-combined-live-combined-20260727245000-echo-operator -n echo-smoke-combined-live-combined-20260727245000 --timeout=300s 
+ kubectl get deployment echo-smoke-combined-live-combined-20260727245000-echo-operator -n echo-smoke-combined-live-combined-20260727245000 -o json 
+ kubectl get service echo-smoke-combined-live-combined-20260727245000-echo-operator -n echo-smoke-combined-live-combined-20260727245000 -o json 
+ env CHART_DIR=/Volumes/work/Project/java-operator-framework/example/echo-operator/helm/echo-operator RELEASE_NAME=echo-smoke-combined-live-combined-20260727245000 NAMESPACE=echo-smoke-combined-live-combined-20260727245000 DEPLOYMENT_MODE=combined IMAGE_TAG=latest HELM_VALUES_FILE= HELM_POST_RENDERER=/var/folders/l9/f_bwssk92970slrgk7h686z40000gn/T//echo-operator-smoke.live-combined-20260727245000/omit-preexisting-crd.py HELM_WAIT=true SKIP_BUILD=true /Volumes/work/Project/java-operator-framework/example/echo-operator/scripts/deploy.sh 
+ kubectl get deployment\,service -n echo-smoke-combined-live-combined-20260727245000 -l app.kubernetes.io/instance=echo-smoke-combined-live-combined-20260727245000 -o json 
+ kubectl rollout status deployment/echo-smoke-combined-live-combined-20260727245000-echo-operator -n echo-smoke-combined-live-combined-20260727245000 --timeout=300s 
+ kubectl get deployment echo-smoke-combined-live-combined-20260727245000-echo-operator -n echo-smoke-combined-live-combined-20260727245000 -o json 
+ kubectl get service echo-smoke-combined-live-combined-20260727245000-echo-operator -n echo-smoke-combined-live-combined-20260727245000 -o json 
+ kubectl get deployment\,service -n echo-smoke-combined-live-combined-20260727245000 -l app.kubernetes.io/instance=echo-smoke-combined-live-combined-20260727245000 -o json 
+ kubectl rollout status deployment/echo-smoke-combined-live-combined-20260727245000-echo-operator -n echo-smoke-combined-live-combined-20260727245000 --timeout=300s 
+ kubectl rollout status deployment/echo-smoke-combined-live-combined-20260727245000-echo-operator -n echo-smoke-combined-live-combined-20260727245000 --timeout=300s 
+ kubectl port-forward -n echo-smoke-combined-live-combined-20260727245000 svc/echo-smoke-combined-live-combined-20260727245000-echo-operator 61757:8080 
+ curl --silent --show-error --output /Volumes/work/Project/java-operator-framework/.omo/evidence/controller-webhook-split-deployment/combined/live-combined-20260727245000/http-controller-healthz.log --write-out %\{http_code\} http://127.0.0.1:61757/healthz 
+ curl --silent --show-error --output /Volumes/work/Project/java-operator-framework/.omo/evidence/controller-webhook-split-deployment/combined/live-combined-20260727245000/http-controller-readyz.log --write-out %\{http_code\} http://127.0.0.1:61757/readyz 
+ curl --silent --show-error --output /Volumes/work/Project/java-operator-framework/.omo/evidence/controller-webhook-split-deployment/combined/live-combined-20260727245000/http-webhook-healthz.log --write-out %\{http_code\} http://127.0.0.1:61757/healthz 
+ curl --silent --show-error --output /Volumes/work/Project/java-operator-framework/.omo/evidence/controller-webhook-split-deployment/combined/live-combined-20260727245000/http-webhook-readyz.log --write-out %\{http_code\} http://127.0.0.1:61757/readyz 
+ kubectl get secret echo-operator-webhook-ca -n echo-smoke-combined-live-combined-20260727245000 -o jsonpath=\{.data.ca\\.crt\} 
+ kubectl port-forward -n echo-smoke-combined-live-combined-20260727245000 svc/echo-smoke-combined-live-combined-20260727245000-echo-operator 61774:443 
+ curl --noproxy \* --silent --show-error --cacert /var/folders/l9/f_bwssk92970slrgk7h686z40000gn/T//echo-operator-smoke.live-combined-20260727245000/admission-probe-ca.crt --resolve echo-smoke-combined-live-combined-20260727245000-echo-operator.echo-smoke-combined-live-combined-20260727245000.svc:61774:127.0.0.1 --header Content-Type:\ application/json --data-binary @/var/folders/l9/f_bwssk92970slrgk7h686z40000gn/T//echo-operator-smoke.live-combined-20260727245000/admission-probe.json https://echo-smoke-combined-live-combined-20260727245000-echo-operator.echo-smoke-combined-live-combined-20260727245000.svc:61774/mutate/echo.example.com 
+ kubectl apply -n echo-smoke-combined-live-combined-20260727245000 -f /var/folders/l9/f_bwssk92970slrgk7h686z40000gn/T//echo-operator-smoke.live-combined-20260727245000/invalid.json 
+ kubectl get validatingwebhookconfiguration echo-operator.echo-smoke-combined-live-combined-20260727245000.echo.example.com -o yaml 
+ kubectl get mutatingwebhookconfiguration echo-operator.echo-smoke-combined-live-combined-20260727245000.echo.example.com -o yaml 
+ kubectl get endpointslice -n echo-smoke-combined-live-combined-20260727245000 -l kubernetes.io/service-name=echo-smoke-combined-live-combined-20260727245000-echo-operator -o yaml 
+ kubectl logs pod/echo-smoke-combined-live-combined-20260727245000-echo-opergpx7m -n echo-smoke-combined-live-combined-20260727245000 
+ kubectl apply -n echo-smoke-combined-live-combined-20260727245000 -f /var/folders/l9/f_bwssk92970slrgk7h686z40000gn/T//echo-operator-smoke.live-combined-20260727245000/mutated.json 
+ kubectl get echoresource mutation-live-combined-20260727245000 -n echo-smoke-combined-live-combined-20260727245000 -o json 
+ kubectl get --raw /apis/example.com/v1alpha2/namespaces/echo-smoke-combined-live-combined-20260727245000/echoresources/mutation-live-combined-20260727245000 
+ kubectl apply -n echo-smoke-combined-live-combined-20260727245000 -f /var/folders/l9/f_bwssk92970slrgk7h686z40000gn/T//echo-operator-smoke.live-combined-20260727245000/alpha-two.json 
+ kubectl get --raw /apis/example.com/v1alpha1/namespaces/echo-smoke-combined-live-combined-20260727245000/echoresources/alpha-two-live-combined-20260727245000 
+ kubectl apply -n echo-smoke-combined-live-combined-20260727245000 -f /var/folders/l9/f_bwssk92970slrgk7h686z40000gn/T//echo-operator-smoke.live-combined-20260727245000/reconciliation.json 
+ kubectl get echoresource reconcile-live-combined-20260727245000 -n echo-smoke-combined-live-combined-20260727245000 -o json 
+ kubectl delete echoresource mutation-live-combined-20260727245000 -n echo-smoke-combined-live-combined-20260727245000 --wait=false 
+ kubectl delete echoresource alpha-two-live-combined-20260727245000 -n echo-smoke-combined-live-combined-20260727245000 --wait=false 
+ kubectl delete echoresource reconcile-live-combined-20260727245000 -n echo-smoke-combined-live-combined-20260727245000 --wait=false 
+ kubectl auth can-i get echoresources.example.com --namespace echo-smoke-combined-live-combined-20260727245000 --resource-name reconcile-live-combined-20260727245000 --as=system:serviceaccount:echo-smoke-combined-live-combined-20260727245000:echo-smoke-combined-live-combined-20260727245000-echo-operator 
