original_status=1
stopping port-forward pid=96886
killed port-forward pid=96886
waited port-forward pid=96886
stopping port-forward pid=96904
killed port-forward pid=96904
waited port-forward pid=96904
delete echoresources namespace=echo-smoke-combined-live-combined-20260727251000
No resources found
delete runtime validating=echo-operator.echo-smoke-combined-live-combined-20260727251000.echo.example.com
validatingwebhookconfiguration.admissionregistration.k8s.io "echo-operator.echo-smoke-combined-live-combined-20260727251000.echo.example.com" deleted
delete runtime mutating=echo-operator.echo-smoke-combined-live-combined-20260727251000.echo.example.com
mutatingwebhookconfiguration.admissionregistration.k8s.io "echo-operator.echo-smoke-combined-live-combined-20260727251000.echo.example.com" deleted
uninstall release=echo-smoke-combined-live-combined-20260727251000 namespace=echo-smoke-combined-live-combined-20260727251000
Uninstalling Helm release echo-smoke-combined-live-combined-20260727251000 from namespace echo-smoke-combined-live-combined-20260727251000...
release "echo-smoke-combined-live-combined-20260727251000" uninstalled
Uninstall complete.
delete namespace=echo-smoke-combined-live-combined-20260727251000
namespace "echo-smoke-combined-live-combined-20260727251000" deleted
cleanup_status=0
