original_status=1
stopping port-forward pid=92912
killed port-forward pid=92912
waited port-forward pid=92912
stopping port-forward pid=92930
killed port-forward pid=92930
waited port-forward pid=92930
delete echoresources namespace=echo-smoke-combined-live-combined-20260727242000
echoresource.example.com "alpha-two-live-combined-20260727242000" deleted from echo-smoke-combined-live-combined-20260727242000 namespace
echoresource.example.com "mutation-live-combined-20260727242000" deleted from echo-smoke-combined-live-combined-20260727242000 namespace
delete runtime validating=echo-operator.echo-smoke-combined-live-combined-20260727242000.echo.example.com
validatingwebhookconfiguration.admissionregistration.k8s.io "echo-operator.echo-smoke-combined-live-combined-20260727242000.echo.example.com" deleted
delete runtime mutating=echo-operator.echo-smoke-combined-live-combined-20260727242000.echo.example.com
mutatingwebhookconfiguration.admissionregistration.k8s.io "echo-operator.echo-smoke-combined-live-combined-20260727242000.echo.example.com" deleted
uninstall release=echo-smoke-combined-live-combined-20260727242000 namespace=echo-smoke-combined-live-combined-20260727242000
Uninstalling Helm release echo-smoke-combined-live-combined-20260727242000 from namespace echo-smoke-combined-live-combined-20260727242000...
release "echo-smoke-combined-live-combined-20260727242000" uninstalled
Uninstall complete.
delete namespace=echo-smoke-combined-live-combined-20260727242000
namespace "echo-smoke-combined-live-combined-20260727242000" deleted
cleanup_status=0
