combined contract passed
split contract passed
poison isolation passed
fullnameOverride contract passed
external CA Secret comparison passed
negative contract passed: envelope-only-pem
negative contract passed: invalid-base64-pem
negative contract passed: non-certificate-pem
negative contract passed: unknown-mode
negative contract passed: split-without-webhook
negative contract passed: disabled-webhook-configurations
negative contract passed: auto-generated-helm-configurations
negative contract passed: missing-external-secret
negative contract passed: missing-external-ca
negative contract passed: invalid-external-ca
negative contract passed: reserved-selector-label
negative contract passed: missing-split-sa
negative contract passed: colliding-split-sa
negative contract passed: colliding-services
negative contract passed: overlong-service-name
negative contract passed: invalid-service-name
helm contract tests passed
